###############################################################################
#
# IAR ELF Linker V9.50.2.385/W64 for ARM                  28/Jan/2025  16:36:10
# Copyright 2007-2024 IAR Systems AB.
#
#    Output file  =
#        E:\Documents\GitHub\smartcar\smartcar\iar\Debug_m4\Exe\cyt2bl3.out
#    Map file     =
#        E:\Documents\GitHub\smartcar\smartcar\iar\Debug_m4\List\cyt2bl3.map
#    Command line =
#        -f
#        E:\Documents\GitHub\smartcar\smartcar\iar\Debug_m4\Exe\cyt2bl3.out.rsp
#        (E:\Documents\GitHub\smartcar\smartcar\iar\Debug_m4\Obj\code_17896468042025673432.dir\camera.o
#        E:\Documents\GitHub\smartcar\smartcar\iar\Debug_m4\Obj\user_8514941877209965082.dir\cm4_isr.o
#        E:\Documents\GitHub\smartcar\smartcar\iar\Debug_m4\Obj\adc_11722776235721520015.dir\cy_adc.o
#        E:\Documents\GitHub\smartcar\smartcar\iar\Debug_m4\Obj\button_4990804375159372270.dir\cy_button.o
#        E:\Documents\GitHub\smartcar\smartcar\iar\Debug_m4\Obj\canfd_1800690984773873875.dir\cy_canfd.o
#        E:\Documents\GitHub\smartcar\smartcar\iar\Debug_m4\Obj\cpu_15938736945165268644.dir\cy_cpu.o
#        E:\Documents\GitHub\smartcar\smartcar\iar\Debug_m4\Obj\crypto_1190170608956581615.dir\cy_crypto_config.o
#        E:\Documents\GitHub\smartcar\smartcar\iar\Debug_m4\Obj\evtgen_3404189088603873129.dir\cy_evtgen.o
#        E:\Documents\GitHub\smartcar\smartcar\iar\Debug_m4\Obj\flash_8529866181315662935.dir\cy_flash.o
#        E:\Documents\GitHub\smartcar\smartcar\iar\Debug_m4\Obj\gpio_3999404635324069351.dir\cy_gpio.o
#        E:\Documents\GitHub\smartcar\smartcar\iar\Debug_m4\Obj\rev_b_6162237342861132223.dir\cy_interrupt_map.o
#        E:\Documents\GitHub\smartcar\smartcar\iar\Debug_m4\Obj\ipc_10145506163450686023.dir\cy_ipc_drv.o
#        E:\Documents\GitHub\smartcar\smartcar\iar\Debug_m4\Obj\ipc_10145506163450686023.dir\cy_ipc_pipe.o
#        E:\Documents\GitHub\smartcar\smartcar\iar\Debug_m4\Obj\ipc_10145506163450686023.dir\cy_ipc_sema.o
#        E:\Documents\GitHub\smartcar\smartcar\iar\Debug_m4\Obj\lin_18429031207028094880.dir\cy_lin.o
#        E:\Documents\GitHub\smartcar\smartcar\iar\Debug_m4\Obj\lvd_6353935867039560245.dir\cy_lvd.o
#        E:\Documents\GitHub\smartcar\smartcar\iar\Debug_m4\Obj\mcwdt_4052485907822033969.dir\cy_mcwdt.o
#        E:\Documents\GitHub\smartcar\smartcar\iar\Debug_m4\Obj\dma_12106025507578611576.dir\cy_mdma.o
#        E:\Documents\GitHub\smartcar\smartcar\iar\Debug_m4\Obj\mpu_5663187252346826382.dir\cy_mpu.o
#        E:\Documents\GitHub\smartcar\smartcar\iar\Debug_m4\Obj\flash_864493325053435817.dir\cy_mw_flash.o
#        E:\Documents\GitHub\smartcar\smartcar\iar\Debug_m4\Obj\dma_12106025507578611576.dir\cy_pdma.o
#        E:\Documents\GitHub\smartcar\smartcar\iar\Debug_m4\Obj\prot_10722960861768657883.dir\cy_prot.o
#        E:\Documents\GitHub\smartcar\smartcar\iar\Debug_m4\Obj\scb_15490842639181808494.dir\cy_scb_common.o
#        E:\Documents\GitHub\smartcar\smartcar\iar\Debug_m4\Obj\scb_15490842639181808494.dir\cy_scb_ezi2c.o
#        E:\Documents\GitHub\smartcar\smartcar\iar\Debug_m4\Obj\scb_15490842639181808494.dir\cy_scb_i2c.o
#        E:\Documents\GitHub\smartcar\smartcar\iar\Debug_m4\Obj\scb_15490842639181808494.dir\cy_scb_spi.o
#        E:\Documents\GitHub\smartcar\smartcar\iar\Debug_m4\Obj\scb_15490842639181808494.dir\cy_scb_uart.o
#        E:\Documents\GitHub\smartcar\smartcar\iar\Debug_m4\Obj\semihosting_143864889731838620.dir\cy_semihosting.o
#        E:\Documents\GitHub\smartcar\smartcar\iar\Debug_m4\Obj\smartio_5451710003740070188.dir\cy_smartio.o
#        E:\Documents\GitHub\smartcar\smartcar\iar\Debug_m4\Obj\smif_427648126384146252.dir\cy_smif.o
#        E:\Documents\GitHub\smartcar\smartcar\iar\Debug_m4\Obj\smif_427648126384146252.dir\cy_smif_memslot.o
#        E:\Documents\GitHub\smartcar\smartcar\iar\Debug_m4\Obj\smif_427648126384146252.dir\cy_smif_ver_specific.o
#        E:\Documents\GitHub\smartcar\smartcar\iar\Debug_m4\Obj\srom_13018798572330080582.dir\cy_srom.o
#        E:\Documents\GitHub\smartcar\smartcar\iar\Debug_m4\Obj\sw_timer_4215635015939382130.dir\cy_sw_tmr.o
#        E:\Documents\GitHub\smartcar\smartcar\iar\Debug_m4\Obj\sysclk_16149231235676103872.dir\cy_sysclk.o
#        E:\Documents\GitHub\smartcar\smartcar\iar\Debug_m4\Obj\sysflt_12293435975120599261.dir\cy_sysflt.o
#        E:\Documents\GitHub\smartcar\smartcar\iar\Debug_m4\Obj\sysint_7435970359207984181.dir\cy_sysint.o
#        E:\Documents\GitHub\smartcar\smartcar\iar\Debug_m4\Obj\syslib_16330585751512546975.dir\cy_syslib.o
#        E:\Documents\GitHub\smartcar\smartcar\iar\Debug_m4\Obj\syslib_16330585751512546975.dir\cy_syslib_iar.o
#        E:\Documents\GitHub\smartcar\smartcar\iar\Debug_m4\Obj\syspm_10887939769544754770.dir\cy_syspm.o
#        E:\Documents\GitHub\smartcar\smartcar\iar\Debug_m4\Obj\sysreset_14586141425677365288.dir\cy_sysreset.o
#        E:\Documents\GitHub\smartcar\smartcar\iar\Debug_m4\Obj\sysrtc_10747768817563771611.dir\cy_sysrtc.o
#        E:\Documents\GitHub\smartcar\smartcar\iar\Debug_m4\Obj\systick_16016591671695740695.dir\cy_systick.o
#        E:\Documents\GitHub\smartcar\smartcar\iar\Debug_m4\Obj\syswdt_9118657615806274156.dir\cy_syswdt.o
#        E:\Documents\GitHub\smartcar\smartcar\iar\Debug_m4\Obj\tcpwm_422923530147891246.dir\cy_tcpwm.o
#        E:\Documents\GitHub\smartcar\smartcar\iar\Debug_m4\Obj\tcpwm_422923530147891246.dir\cy_tcpwm_counter.o
#        E:\Documents\GitHub\smartcar\smartcar\iar\Debug_m4\Obj\tcpwm_422923530147891246.dir\cy_tcpwm_pwm.o
#        E:\Documents\GitHub\smartcar\smartcar\iar\Debug_m4\Obj\tcpwm_422923530147891246.dir\cy_tcpwm_quaddec.o
#        E:\Documents\GitHub\smartcar\smartcar\iar\Debug_m4\Obj\tcpwm_422923530147891246.dir\cy_tcpwm_sr.o
#        E:\Documents\GitHub\smartcar\smartcar\iar\Debug_m4\Obj\trigmux_9729677290734583340.dir\cy_trigmux.o
#        E:\Documents\GitHub\smartcar\smartcar\iar\Debug_m4\Obj\user_8514941877209965082.dir\main_cm4.o
#        E:\Documents\GitHub\smartcar\smartcar\iar\Debug_m4\Obj\zf_components_14936052685886095442.dir\seekfree_assistant.o
#        E:\Documents\GitHub\smartcar\smartcar\iar\Debug_m4\Obj\zf_components_14936052685886095442.dir\seekfree_assistant_interface.o
#        E:\Documents\GitHub\smartcar\smartcar\iar\Debug_m4\Obj\startup_479057977785470282.dir\startup.o
#        E:\Documents\GitHub\smartcar\smartcar\iar\Debug_m4\Obj\startup_479057977785470282.dir\startup_cm4.o
#        E:\Documents\GitHub\smartcar\smartcar\iar\Debug_m4\Obj\rev_b_4986922561640112550.dir\system_tviibe4m_cm4.o
#        E:\Documents\GitHub\smartcar\smartcar\iar\Debug_m4\Obj\zf_common_1201165462030747823.dir\zf_common_clock.o
#        E:\Documents\GitHub\smartcar\smartcar\iar\Debug_m4\Obj\zf_common_1201165462030747823.dir\zf_common_debug.o
#        E:\Documents\GitHub\smartcar\smartcar\iar\Debug_m4\Obj\zf_common_1201165462030747823.dir\zf_common_fifo.o
#        E:\Documents\GitHub\smartcar\smartcar\iar\Debug_m4\Obj\zf_common_1201165462030747823.dir\zf_common_font.o
#        E:\Documents\GitHub\smartcar\smartcar\iar\Debug_m4\Obj\zf_common_1201165462030747823.dir\zf_common_function.o
#        E:\Documents\GitHub\smartcar\smartcar\iar\Debug_m4\Obj\zf_common_1201165462030747823.dir\zf_common_interrupt.o
#        E:\Documents\GitHub\smartcar\smartcar\iar\Debug_m4\Obj\zf_device_6570275422786408770.dir\zf_device_ble6a20.o
#        E:\Documents\GitHub\smartcar\smartcar\iar\Debug_m4\Obj\zf_device_6570275422786408770.dir\zf_device_dl1a.o
#        E:\Documents\GitHub\smartcar\smartcar\iar\Debug_m4\Obj\zf_device_6570275422786408770.dir\zf_device_dl1b.o
#        E:\Documents\GitHub\smartcar\smartcar\iar\Debug_m4\Obj\zf_device_6570275422786408770.dir\zf_device_gnss.o
#        E:\Documents\GitHub\smartcar\smartcar\iar\Debug_m4\Obj\zf_device_6570275422786408770.dir\zf_device_icm20602.o
#        E:\Documents\GitHub\smartcar\smartcar\iar\Debug_m4\Obj\zf_device_6570275422786408770.dir\zf_device_imu660ra.o
#        E:\Documents\GitHub\smartcar\smartcar\iar\Debug_m4\Obj\zf_device_6570275422786408770.dir\zf_device_imu963ra.o
#        E:\Documents\GitHub\smartcar\smartcar\iar\Debug_m4\Obj\zf_device_6570275422786408770.dir\zf_device_ips114.o
#        E:\Documents\GitHub\smartcar\smartcar\iar\Debug_m4\Obj\zf_device_6570275422786408770.dir\zf_device_ips200.o
#        E:\Documents\GitHub\smartcar\smartcar\iar\Debug_m4\Obj\zf_device_6570275422786408770.dir\zf_device_key.o
#        E:\Documents\GitHub\smartcar\smartcar\iar\Debug_m4\Obj\zf_device_6570275422786408770.dir\zf_device_menc15a.o
#        E:\Documents\GitHub\smartcar\smartcar\iar\Debug_m4\Obj\zf_device_6570275422786408770.dir\zf_device_mt9v03x.o
#        E:\Documents\GitHub\smartcar\smartcar\iar\Debug_m4\Obj\zf_device_6570275422786408770.dir\zf_device_oled.o
#        E:\Documents\GitHub\smartcar\smartcar\iar\Debug_m4\Obj\zf_device_6570275422786408770.dir\zf_device_tft180.o
#        E:\Documents\GitHub\smartcar\smartcar\iar\Debug_m4\Obj\zf_device_6570275422786408770.dir\zf_device_tsl1401.o
#        E:\Documents\GitHub\smartcar\smartcar\iar\Debug_m4\Obj\zf_device_6570275422786408770.dir\zf_device_type.o
#        E:\Documents\GitHub\smartcar\smartcar\iar\Debug_m4\Obj\zf_device_6570275422786408770.dir\zf_device_uart_receiver.o
#        E:\Documents\GitHub\smartcar\smartcar\iar\Debug_m4\Obj\zf_device_6570275422786408770.dir\zf_device_wifi_uart.o
#        E:\Documents\GitHub\smartcar\smartcar\iar\Debug_m4\Obj\zf_device_6570275422786408770.dir\zf_device_wireless_uart.o
#        E:\Documents\GitHub\smartcar\smartcar\iar\Debug_m4\Obj\zf_driver_11922370083829174090.dir\zf_driver_adc.o
#        E:\Documents\GitHub\smartcar\smartcar\iar\Debug_m4\Obj\zf_driver_11922370083829174090.dir\zf_driver_delay.o
#        E:\Documents\GitHub\smartcar\smartcar\iar\Debug_m4\Obj\zf_driver_11922370083829174090.dir\zf_driver_encoder.o
#        E:\Documents\GitHub\smartcar\smartcar\iar\Debug_m4\Obj\zf_driver_11922370083829174090.dir\zf_driver_exti.o
#        E:\Documents\GitHub\smartcar\smartcar\iar\Debug_m4\Obj\zf_driver_11922370083829174090.dir\zf_driver_flash.o
#        E:\Documents\GitHub\smartcar\smartcar\iar\Debug_m4\Obj\zf_driver_11922370083829174090.dir\zf_driver_gpio.o
#        E:\Documents\GitHub\smartcar\smartcar\iar\Debug_m4\Obj\zf_driver_11922370083829174090.dir\zf_driver_pit.o
#        E:\Documents\GitHub\smartcar\smartcar\iar\Debug_m4\Obj\zf_driver_11922370083829174090.dir\zf_driver_pwm.o
#        E:\Documents\GitHub\smartcar\smartcar\iar\Debug_m4\Obj\zf_driver_11922370083829174090.dir\zf_driver_soft_iic.o
#        E:\Documents\GitHub\smartcar\smartcar\iar\Debug_m4\Obj\zf_driver_11922370083829174090.dir\zf_driver_soft_spi.o
#        E:\Documents\GitHub\smartcar\smartcar\iar\Debug_m4\Obj\zf_driver_11922370083829174090.dir\zf_driver_spi.o
#        E:\Documents\GitHub\smartcar\smartcar\iar\Debug_m4\Obj\zf_driver_11922370083829174090.dir\zf_driver_timer.o
#        E:\Documents\GitHub\smartcar\smartcar\iar\Debug_m4\Obj\zf_driver_11922370083829174090.dir\zf_driver_uart.o
#        --no_out_extension -o
#        E:\Documents\GitHub\smartcar\smartcar\iar\Debug_m4\Exe\cyt2bl3.out
#        --config_def _CORE_cm4_=0 --config_def _LINK_flash_=0 --map
#        E:\Documents\GitHub\smartcar\smartcar\iar\Debug_m4\List\cyt2bl3.map
#        --config
#        E:\Documents\GitHub\smartcar\smartcar\iar\project_config\..\icf\linker_directives_tviibe4m.icf
#        --semihosting
#        E:\Documents\GitHub\smartcar\smartcar\iar\project_config\..\..\..\libraries\zf_device\zf_device_config.a
#        --entry __iar_program_start --vfe --text_out locale --cpu=Cortex-M4
#        --fpu=VFPv4_sp) --dependencies=n
#        E:\Documents\GitHub\smartcar\smartcar\iar\Debug_m4\Exe\cyt2bl3.out.iar_deps
#
###############################################################################

*******************************************************************************
*** RUNTIME MODEL ATTRIBUTES
***

CppFlavor       = *
__CPP_Runtime   = 1
__SystemLibrary = DLib
__dlib_version  = 6


*******************************************************************************
*** HEAP SELECTION
***

The basic heap was selected because --advanced_heap
was not specified and the application did not appear to
be primarily optimized for speed.


*******************************************************************************
*** PLACEMENT SUMMARY
***

"A0":  place at start of [from 0x1008'0000 to 0x1040'ffff] { section .intvec };
"P1":  place in [from 0x1008'0000 to 0x1040'ffff] { ro };
"P2":  place in [from 0x802'0000 to 0x807'ffff] { rw };
define block HEAP with size = 1K, alignment = 8 { };
define block CSTACK with size = 8K, alignment = 8 { };
define block HEAP_STACK { block HEAP, last block CSTACK };
"A1":  place at end of [from 0x802'0000 to 0x807'ffff] { block HEAP_STACK };
do not initialize { section .intvec_ram };
initialize by copy { rw };

No sections matched the following patterns:

  ro section .sflash_app_prot  in "P6"
  ro section .sflash_nar       in "P4"
  ro section .sflash_pkey      in "P5"
  ro section .sflash_toc2      in "P7"
  ro section .sflash_uf_rows   in "P3"
  ro section .work_flash       in "P8"
  section .global_ram_data     in "P9"


  Section            Kind         Address  Aligment      Size  Object
  -------            ----         -------  --------      ----  ------
Absolute sections:                                     0x5820
  .noinit            uninit    0x802'0658              0x5820  zf_device_mt9v03x.o [41]
                             - 0x802'5e78              0x5820

"P2", part 1 of 3:                                      0x650
  P2-1                         0x802'5e78               0x650  <Init block>
    .data            inited    0x802'5e78         4      0x10  camera.o [4]
    .data            inited    0x802'5e88         4      0x10  camera.o [4]
    .data            inited    0x802'5e98         4     0x5fc  cy_interrupt_map.o [19]
    .data            inited    0x802'6494         4       0x4  cy_interrupt_map.o [19]
    .data            inited    0x802'6498         4      0x10  zf_driver_spi.o [42]
    .data            inited    0x802'64a8         4      0x14  zf_driver_uart.o [42]
    .data            inited    0x802'64bc         2       0x2  zf_device_tft180.o [41]
    .data            inited    0x802'64be         2       0x2  zf_device_tft180.o [41]
    .data            inited    0x802'64c0         2       0x2  zf_device_tft180.o [41]
    .data            inited    0x802'64c2         2       0x2  zf_device_tft180.o [41]
    .data            inited    0x802'64c4                 0x1  zf_common_debug.o [39]
    .data            inited    0x802'64c5                 0x1  zf_device_tft180.o [41]
    .data            inited    0x802'64c6                 0x1  zf_driver_delay.o [42]
    .data            inited    0x802'64c7                 0x1  zf_driver_delay.o [42]
                             - 0x802'64c8               0x650

"P2", part 2 of 3:                                   0x1'1bb8
  .bss               zero      0x802'64c8         4    0x5820  camera.o [4]
  .bss               zero      0x802'bce8         4    0x5820  camera.o [4]
  .bss               zero      0x803'1508         4    0x5820  zf_device_mt9v03x.o [41]
  .bss               zero      0x803'6d28         4     0x5a0  camera.o [4]
  .bss               zero      0x803'72c8         4     0x5a0  camera.o [4]
  .bss               zero      0x803'7868         4     0x2d0  camera.o [4]
  .bss               zero      0x803'7b38         4     0x2d0  camera.o [4]
  .bss               zero      0x803'7e08         4      0x78  camera.o [4]
  .bss               zero      0x803'7e80         4      0x78  camera.o [4]
  .bss               zero      0x803'7ef8         4      0x78  camera.o [4]
  .bss               zero      0x803'7f70         4      0x70  cy_syslib.o [30]
  .bss               zero      0x803'7fe0         4      0x18  cy_sysclk.o [27]
  .bss               zero      0x803'7ff8         4      0x18  cy_syslib.o [30]
  .bss               zero      0x803'8010         4      0x14  zf_common_debug.o [39]
  .bss               zero      0x803'8024         4      0x10  zf_device_config_mt9v03x.o [47]
  .bss               zero      0x803'8034         4       0x4  cy_syslib.o [30]
  .bss               zero      0x803'8038         4       0x4  system_tviibe4m_cm4.o [18]
  .bss               zero      0x803'803c         4       0x4  system_tviibe4m_cm4.o [18]
  .bss               zero      0x803'8040         4       0x4  system_tviibe4m_cm4.o [18]
  .bss               zero      0x803'8044         4       0x4  system_tviibe4m_cm4.o [18]
  .bss               zero      0x803'8048         4       0x4  system_tviibe4m_cm4.o [18]
  .bss               zero      0x803'804c         4       0x4  zf_common_clock.o [39]
  .bss               zero      0x803'8050         4       0x4  zf_common_interrupt.o [39]
  .bss               zero      0x803'8054         4       0x4  zf_driver_spi.o [42]
  .bss               zero      0x803'8058         4       0x4  zf_driver_spi.o [42]
  .bss               zero      0x803'805c         4       0x4  zf_device_config_mt9v03x.o [47]
  .bss               zero      0x803'8060         4       0x4  zf_device_config_mt9v03x.o [47]
  .bss               zero      0x803'8064         4       0x4  zf_device_config_mt9v03x.o [47]
  .bss               zero      0x803'8068         4       0x4  zf_device_config_mt9v03x.o [47]
  .bss               zero      0x803'806c         4       0x4  zf_device_config_mt9v03x.o [47]
  .bss               zero      0x803'8070         2       0x2  camera.o [4]
  .bss               zero      0x803'8072         2       0x2  camera.o [4]
  .bss               zero      0x803'8074         2       0x2  camera.o [4]
  .bss               zero      0x803'8076         2       0x2  camera.o [4]
  .bss               zero      0x803'8078                 0x1  camera.o [4]
  .bss               zero      0x803'8079                 0x1  cy_sysclk.o [27]
  .bss               zero      0x803'807a                 0x1  zf_common_debug.o [39]
  .bss               zero      0x803'807b                 0x1  zf_common_debug.o [39]
  .bss               zero      0x803'807c                 0x1  zf_device_mt9v03x.o [41]
  .bss               zero      0x803'807d                 0x1  zf_device_tft180.o [41]
                             - 0x803'807e            0x1'1bb6

"P2", part 3 of 3:                                       0x80
  .intvec_ram        uninit    0x803'8400      1024      0x80  startup_cm4.o [25]
                             - 0x803'8480                0x80

"A1":                                                  0x2000
  HEAP_STACK                   0x807'e000              0x2000  <Block>
    CSTACK                     0x807'e000         8    0x2000  <Block>
      CSTACK         uninit    0x807'e000              0x2000  <Block tail>
                             - 0x808'0000              0x2000

"A0":                                                    0x80
  .intvec            ro code  0x1008'0000      1024      0x80  startup_cm4.o [25]
                            - 0x1008'0080                0x80

"P1":                                                  0x698e
  .text              ro code  0x1008'0080         4     0xe24  camera.o [4]
  .text              ro code  0x1008'0ea4         4      0x66  ABImemset.o [45]
  .text              ro code  0x1008'0f0a         2      0x7e  lz77_init_single.o [45]
  .text              ro code  0x1008'0f88         4      0x1c  U32ToDbl.o [44]
  .text              ro code  0x1008'0fa4         4     0x246  DblDiv.o [44]
  .text              ro code  0x1008'11ea         2       0xa  xsprout.o [43]
  .text              ro code  0x1008'11f4         4      0x22  S32ToDbl.o [44]
  .text              ro code  0x1008'1218         4     0x1aa  DblMul.o [44]
  .text              ro code  0x1008'13c4         4     0x24e  DblAddSub.o [44]
  .text              ro code  0x1008'1614         4      0x34  DblCmpLe.o [44]
  .text              ro code  0x1008'1648         4      0x28  printf.o [43]
  .text              ro code  0x1008'1670         4     0xae4  zf_device_tft180.o [41]
  .text              ro code  0x1008'2154         2     0x138  xprintftiny.o [43]
  .text              ro code  0x1008'228c         4     0x968  zf_driver_spi.o [42]
  .text              ro code  0x1008'2bf4         4     0x3e0  zf_common_debug.o [39]
  .text              ro code  0x1008'2fd4         4     0x18c  zf_driver_gpio.o [42]
  .text              ro code  0x1008'3160         4     0x240  zf_driver_delay.o [42]
  .text              ro code  0x1008'33a0         4      0x36  strlen.o [45]
  .text              ro code  0x1008'33d8         4     0x230  I64DivMod.o [45]
  .text              ro code  0x1008'3608         4     0x198  cy_gpio.o [11]
  .text              ro code  0x1008'37a0         4     0x1e0  cy_scb_spi.o [20]
  .text              ro code  0x1008'3980         4      0xa8  zf_driver_uart.o [42]
  .text              ro code  0x1008'3a28         4      0x40  sprintf.o [43]
  .text              ro code  0x1008'3a68         4      0xe2  zf_common_interrupt.o [39]
  .text              ro code  0x1008'3b4c         4     0x1b8  cy_tcpwm_counter.o [36]
  .text              ro code  0x1008'3d04         2       0xe  cy_tcpwm.o [36]
  .text              ro code  0x1008'3d14         4       0x2  I64DivZer.o [45]
  .text              ro code  0x1008'3d18         4      0x28  zf_driver_pwm.o [42]
  .text              ro code  0x1008'3d40         4      0x58  cy_sysint.o [29]
  .text              ro code  0x1008'3d98         4     0x860  zf_device_config_mt9v03x.o [47]
  .text              ro code  0x1008'45f8         4     0x630  zf_driver_soft_iic.o [42]
  .text              ro code  0x1008'4c28         4     0x678  cy_sysclk.o [27]
  .text              ro code  0x1008'52a0         4      0x70  strncpy.o [45]
  .text              ro code  0x1008'5310         4      0xa8  cy_syslib.o [30]
  .text              ro code  0x1008'53b8         4      0xa6  ABImemcpy.o [45]
  .text              ro code  0x1008'545e         2       0x2  cy_syslib.o [30]
  .rodata            const    0x1008'5460         4     0x5f0  zf_common_font.o [39]
  .text              ro code  0x1008'5a50         4     0x24c  zf_device_mt9v03x.o [41]
  .rodata            const    0x1008'5c9c         4     0x228  zf_common_font.o [39]
  .text              ro code  0x1008'5ec4         4     0x198  cy_interrupt_map.o [19]
  .text              ro code  0x1008'605c         4     0x170  startup.o [25]
  .text              ro code  0x1008'61cc         4      0xf0  system_tviibe4m_cm4.o [18]
  .text              ro code  0x1008'62bc         4       0x8  startup_cm4.o [25]
  .text              ro code  0x1008'62c4         4       0x6  startup_cm4.o [25]
  .text              ro code  0x1008'62cc         4      0x6c  main_cm4.o [38]
  .text              ro code  0x1008'6338         4      0x1c  zf_common_clock.o [39]
  .rodata            const    0x1008'6354         4      0x58  system_tviibe4m_cm4.o [18]
  .rodata            const    0x1008'63ac         4      0x54  cy_sysclk.o [27]
  .rodata            const    0x1008'6400         4      0x54  cy_sysclk.o [27]
  .rodata            const    0x1008'6454         4      0x48  zf_driver_soft_iic.o [42]
  .rodata            const    0x1008'649c         4      0x44  zf_device_tft180.o [41]
  .rodata            const    0x1008'64e0         4      0x44  zf_driver_spi.o [42]
  .text              ro code  0x1008'6524         4      0x44  startup_cm4.o [25]
  .text              ro code  0x1008'6568         2      0x38  zero_init3.o [45]
  .rodata            const    0x1008'65a0         4      0x34  camera.o [4]
  .text              ro code  0x1008'65d4         4      0x2a  data_init.o [45]
  .rodata            const    0x1008'6600         4      0x28  zf_device_mt9v03x.o [41]
  .text              ro code  0x1008'6628         4      0x22  fpinit_M.o [44]
  .iar.init_table    const    0x1008'664c         4      0x20  - Linker created -
  .text              ro code  0x1008'666c         4      0x20  startup_cm4.o [25]
  .text              ro code  0x1008'668c         2      0x20  putchar.o [43]
  .text              ro code  0x1008'66b0        16      0x1e  cy_syslib_iar.o [30]
  .text              ro code  0x1008'66d0         4      0x1e  cmain.o [45]
  .text              ro code  0x1008'66f0         4       0x4  startup_cm4.o [25]
  .text              ro code  0x1008'66f4         2       0x4  exit.o [43]
  .text              ro code  0x1008'66f8         4       0xa  cexit.o [45]
  .text              ro code  0x1008'6704         4      0x14  exit.o [46]
  .rodata            const    0x1008'6718         4      0x1c  zf_common_debug.o [39]
  .text              ro code  0x1008'6734         4      0x1c  startup_cm4.o [25]
  .text              ro code  0x1008'6750         4      0x1c  cstartup_M.o [45]
  .rodata            const    0x1008'676c         4      0x18  camera.o [4]
  .rodata            const    0x1008'6784         4      0x18  system_tviibe4m_cm4.o [18]
  .rodata            const    0x1008'679c         4      0x18  zf_common_debug.o [39]
  .text              ro code  0x1008'67b4         2      0x16  xprout.o [43]
  .rodata            const    0x1008'67cc         4      0x14  camera.o [4]
  .rodata            const    0x1008'67e0         4      0x10  main_cm4.o [38]
  .rodata            const    0x1008'67f0         4      0x10  main_cm4.o [38]
  .rodata            const    0x1008'6800         4      0x10  main_cm4.o [38]
  .rodata            const    0x1008'6810         4      0x10  zf_common_debug.o [39]
  .rodata            const    0x1008'6820         4      0x10  zf_common_debug.o [39]
  .rodata            const    0x1008'6830         4       0xc  zf_common_debug.o [39]
  .rodata            const    0x1008'683c         4       0xc  zf_common_debug.o [39]
  .text              ro code  0x1008'6848         2       0xc  cy_syslib.o [30]
  .rodata            const    0x1008'6854         4       0x8  startup.o [25]
  .rodata            const    0x1008'685c         4       0x4  cy_interrupt_map.o [19]
  .rodata            const    0x1008'6860         4       0x4  cy_interrupt_map.o [19]
  .rodata            const    0x1008'6864         4       0x4  cy_interrupt_map.o [19]
  .rodata            const    0x1008'6868         4       0x4  cy_interrupt_map.o [19]
  .rodata            const    0x1008'686c         4       0x4  cy_interrupt_map.o [19]
  .rodata            const    0x1008'6870         4       0x4  cy_interrupt_map.o [19]
  .rodata            const    0x1008'6874         4       0x4  cy_interrupt_map.o [19]
  .rodata            const    0x1008'6878         4       0x4  cy_interrupt_map.o [19]
  .rodata            const    0x1008'687c         4       0x4  cy_scb_spi.o [20]
  .rodata            const    0x1008'6880         4       0x4  cy_scb_spi.o [20]
  .rodata            const    0x1008'6884         4       0x4  cy_scb_spi.o [20]
  .rodata            const    0x1008'6888         4       0x4  cy_scb_spi.o [20]
  .rodata            const    0x1008'688c         4       0x4  cy_sysint.o [29]
  .rodata            const    0x1008'6890         4       0x4  cy_tcpwm_counter.o [36]
  .rodata            const    0x1008'6894         4       0x4  cy_tcpwm_counter.o [36]
  .rodata            const    0x1008'6898         4       0x4  cy_tcpwm_counter.o [36]
  .rodata            const    0x1008'689c         4       0x4  cy_tcpwm_counter.o [36]
  .rodata            const    0x1008'68a0         4       0x4  cy_tcpwm_counter.o [36]
  .text              ro code  0x1008'68a4         4       0x4  startup_cm4.o [25]
  .text              ro code  0x1008'68a8         4       0x4  startup_cm4.o [25]
  .text              ro code  0x1008'68ac         4       0x4  startup_cm4.o [25]
  .text              ro code  0x1008'68b0         4       0x4  startup_cm4.o [25]
  .text              ro code  0x1008'68b4         4       0x4  startup_cm4.o [25]
  .text              ro code  0x1008'68b8         4       0x4  startup_cm4.o [25]
  .text              ro code  0x1008'68bc         4       0x4  startup_cm4.o [25]
  .text              ro code  0x1008'68c0         4       0x4  startup_cm4.o [25]
  .text              ro code  0x1008'68c4         4       0x4  startup_cm4.o [25]
  .text              ro code  0x1008'68c8         4       0x4  startup_cm4.o [25]
  .text              ro code  0x1008'68cc         4       0x4  startup_cm4.o [25]
  .text              ro code  0x1008'68d0         4       0x4  startup_cm4.o [25]
  .text              ro code  0x1008'68d4         4       0x4  startup_cm4.o [25]
  .text              ro code  0x1008'68d8         4       0x4  startup_cm4.o [25]
  .text              ro code  0x1008'68dc         4       0x4  startup_cm4.o [25]
  .rodata            const    0x1008'68e0                 0x0  zero_init3.o [45]
  .rodata            const    0x1008'68e0                 0x0  lz77_init_single.o [45]
  Initializer bytes  const    0x1008'68e0                0x53  <for P2-1>
                            - 0x1008'6933              0x68b3

Unused ranges:

         From           To       Size
         ----           --       ----
   0x802'0000   0x802'0657      0x658
   0x803'8080   0x803'83ff      0x380
   0x803'8480   0x807'dfff   0x4'5b80
  0x1008'6a0e  0x1040'ffff  0x38'95f2


*******************************************************************************
*** INIT TABLE
***

          Address      Size
          -------      ----
Zero (__iar_zero_init3)
    1 destination range, total size 0x1'1bb6:
           0x802'64c8  0x1'1bb6

Copy/lz77 (__iar_lz77_init_single3)
    1 source range, total size 0x53 (5% of destination):
          0x1008'68e0      0x53
    1 destination range, total size 0x650:
           0x802'5e78     0x650



*******************************************************************************
*** MODULE SUMMARY
***

    Module                      ro code  ro data  rw data  rw data
                                                            (abs)
    ------                      -------  -------  -------  -------
command line/config:
    --------------------------------------------------------------
    Total:

E:\Documents\GitHub\smartcar\smartcar\iar\Debug_m4\Obj\adc_11722776235721520015.dir: [1]
    --------------------------------------------------------------
    Total:

E:\Documents\GitHub\smartcar\smartcar\iar\Debug_m4\Obj\button_4990804375159372270.dir: [2]
    --------------------------------------------------------------
    Total:

E:\Documents\GitHub\smartcar\smartcar\iar\Debug_m4\Obj\canfd_1800690984773873875.dir: [3]
    --------------------------------------------------------------
    Total:

E:\Documents\GitHub\smartcar\smartcar\iar\Debug_m4\Obj\code_17896468042025673432.dir: [4]
    camera.o                      3'620       97   49'841
    --------------------------------------------------------------
    Total:                        3'620       97   49'841

E:\Documents\GitHub\smartcar\smartcar\iar\Debug_m4\Obj\cpu_15938736945165268644.dir: [5]
    --------------------------------------------------------------
    Total:

E:\Documents\GitHub\smartcar\smartcar\iar\Debug_m4\Obj\crypto_1190170608956581615.dir: [6]
    --------------------------------------------------------------
    Total:

E:\Documents\GitHub\smartcar\smartcar\iar\Debug_m4\Obj\dma_12106025507578611576.dir: [7]
    --------------------------------------------------------------
    Total:

E:\Documents\GitHub\smartcar\smartcar\iar\Debug_m4\Obj\evtgen_3404189088603873129.dir: [8]
    --------------------------------------------------------------
    Total:

E:\Documents\GitHub\smartcar\smartcar\iar\Debug_m4\Obj\flash_8529866181315662935.dir: [9]
    --------------------------------------------------------------
    Total:

E:\Documents\GitHub\smartcar\smartcar\iar\Debug_m4\Obj\flash_864493325053435817.dir: [10]
    --------------------------------------------------------------
    Total:

E:\Documents\GitHub\smartcar\smartcar\iar\Debug_m4\Obj\gpio_3999404635324069351.dir: [11]
    cy_gpio.o                       408
    --------------------------------------------------------------
    Total:                          408

E:\Documents\GitHub\smartcar\smartcar\iar\Debug_m4\Obj\ipc_10145506163450686023.dir: [12]
    --------------------------------------------------------------
    Total:

E:\Documents\GitHub\smartcar\smartcar\iar\Debug_m4\Obj\lin_18429031207028094880.dir: [13]
    --------------------------------------------------------------
    Total:

E:\Documents\GitHub\smartcar\smartcar\iar\Debug_m4\Obj\lvd_6353935867039560245.dir: [14]
    --------------------------------------------------------------
    Total:

E:\Documents\GitHub\smartcar\smartcar\iar\Debug_m4\Obj\mcwdt_4052485907822033969.dir: [15]
    --------------------------------------------------------------
    Total:

E:\Documents\GitHub\smartcar\smartcar\iar\Debug_m4\Obj\mpu_5663187252346826382.dir: [16]
    --------------------------------------------------------------
    Total:

E:\Documents\GitHub\smartcar\smartcar\iar\Debug_m4\Obj\prot_10722960861768657883.dir: [17]
    --------------------------------------------------------------
    Total:

E:\Documents\GitHub\smartcar\smartcar\iar\Debug_m4\Obj\rev_b_4986922561640112550.dir: [18]
    system_tviibe4m_cm4.o           240      112       20
    --------------------------------------------------------------
    Total:                          240      112       20

E:\Documents\GitHub\smartcar\smartcar\iar\Debug_m4\Obj\rev_b_6162237342861132223.dir: [19]
    cy_interrupt_map.o              408      111    1'536
    --------------------------------------------------------------
    Total:                          408      111    1'536

E:\Documents\GitHub\smartcar\smartcar\iar\Debug_m4\Obj\scb_15490842639181808494.dir: [20]
    cy_scb_spi.o                    480       16
    --------------------------------------------------------------
    Total:                          480       16

E:\Documents\GitHub\smartcar\smartcar\iar\Debug_m4\Obj\semihosting_143864889731838620.dir: [21]
    --------------------------------------------------------------
    Total:

E:\Documents\GitHub\smartcar\smartcar\iar\Debug_m4\Obj\smartio_5451710003740070188.dir: [22]
    --------------------------------------------------------------
    Total:

E:\Documents\GitHub\smartcar\smartcar\iar\Debug_m4\Obj\smif_427648126384146252.dir: [23]
    --------------------------------------------------------------
    Total:

E:\Documents\GitHub\smartcar\smartcar\iar\Debug_m4\Obj\srom_13018798572330080582.dir: [24]
    --------------------------------------------------------------
    Total:

E:\Documents\GitHub\smartcar\smartcar\iar\Debug_m4\Obj\startup_479057977785470282.dir: [25]
    startup.o                       368        8
    startup_cm4.o                   334               128
    --------------------------------------------------------------
    Total:                          702        8      128

E:\Documents\GitHub\smartcar\smartcar\iar\Debug_m4\Obj\sw_timer_4215635015939382130.dir: [26]
    --------------------------------------------------------------
    Total:

E:\Documents\GitHub\smartcar\smartcar\iar\Debug_m4\Obj\sysclk_16149231235676103872.dir: [27]
    cy_sysclk.o                   1'656      168       25
    --------------------------------------------------------------
    Total:                        1'656      168       25

E:\Documents\GitHub\smartcar\smartcar\iar\Debug_m4\Obj\sysflt_12293435975120599261.dir: [28]
    --------------------------------------------------------------
    Total:

E:\Documents\GitHub\smartcar\smartcar\iar\Debug_m4\Obj\sysint_7435970359207984181.dir: [29]
    cy_sysint.o                      88        4
    --------------------------------------------------------------
    Total:                           88        4

E:\Documents\GitHub\smartcar\smartcar\iar\Debug_m4\Obj\syslib_16330585751512546975.dir: [30]
    cy_syslib.o                     182               140
    cy_syslib_iar.o                  30
    --------------------------------------------------------------
    Total:                          212               140

E:\Documents\GitHub\smartcar\smartcar\iar\Debug_m4\Obj\syspm_10887939769544754770.dir: [31]
    --------------------------------------------------------------
    Total:

E:\Documents\GitHub\smartcar\smartcar\iar\Debug_m4\Obj\sysreset_14586141425677365288.dir: [32]
    --------------------------------------------------------------
    Total:

E:\Documents\GitHub\smartcar\smartcar\iar\Debug_m4\Obj\sysrtc_10747768817563771611.dir: [33]
    --------------------------------------------------------------
    Total:

E:\Documents\GitHub\smartcar\smartcar\iar\Debug_m4\Obj\systick_16016591671695740695.dir: [34]
    --------------------------------------------------------------
    Total:

E:\Documents\GitHub\smartcar\smartcar\iar\Debug_m4\Obj\syswdt_9118657615806274156.dir: [35]
    --------------------------------------------------------------
    Total:

E:\Documents\GitHub\smartcar\smartcar\iar\Debug_m4\Obj\tcpwm_422923530147891246.dir: [36]
    cy_tcpwm.o                       14
    cy_tcpwm_counter.o              440       20
    --------------------------------------------------------------
    Total:                          454       20

E:\Documents\GitHub\smartcar\smartcar\iar\Debug_m4\Obj\trigmux_9729677290734583340.dir: [37]
    --------------------------------------------------------------
    Total:

E:\Documents\GitHub\smartcar\smartcar\iar\Debug_m4\Obj\user_8514941877209965082.dir: [38]
    main_cm4.o                      108       48
    --------------------------------------------------------------
    Total:                          108       48

E:\Documents\GitHub\smartcar\smartcar\iar\Debug_m4\Obj\zf_common_1201165462030747823.dir: [39]
    zf_common_clock.o                28                 4
    zf_common_debug.o               992      108       23
    zf_common_font.o                       2'072
    zf_common_interrupt.o           226                 4
    --------------------------------------------------------------
    Total:                        1'246    2'180       31

E:\Documents\GitHub\smartcar\smartcar\iar\Debug_m4\Obj\zf_components_14936052685886095442.dir: [40]
    --------------------------------------------------------------
    Total:

E:\Documents\GitHub\smartcar\smartcar\iar\Debug_m4\Obj\zf_device_6570275422786408770.dir: [41]
    zf_device_mt9v03x.o             588       40   22'561   22'560
    zf_device_tft180.o            2'788       68       10
    --------------------------------------------------------------
    Total:                        3'376      108   22'571   22'560

E:\Documents\GitHub\smartcar\smartcar\iar\Debug_m4\Obj\zf_driver_11922370083829174090.dir: [42]
    zf_driver_delay.o               576        1        2
    zf_driver_gpio.o                396
    zf_driver_pwm.o                  40
    zf_driver_soft_iic.o          1'584       72
    zf_driver_spi.o               2'408       69       24
    zf_driver_uart.o                168        1       20
    --------------------------------------------------------------
    Total:                        5'172      143       46

dl7M_tln.a: [43]
    exit.o                            4
    printf.o                         40
    putchar.o                        32
    sprintf.o                        64
    xprintftiny.o                   312
    xprout.o                         22
    xsprout.o                        10
    --------------------------------------------------------------
    Total:                          484

m7M_tls.a: [44]
    DblAddSub.o                     590
    DblCmpLe.o                       52
    DblDiv.o                        582
    DblMul.o                        426
    S32ToDbl.o                       34
    U32ToDbl.o                       28
    fpinit_M.o                       34
    --------------------------------------------------------------
    Total:                        1'746

rt7M_tl.a: [45]
    ABImemcpy.o                     166
    ABImemset.o                     102
    I64DivMod.o                     560
    I64DivZer.o                       2
    cexit.o                          10
    cmain.o                          30
    cstartup_M.o                     28
    data_init.o                      42
    lz77_init_single.o              126
    strlen.o                         54
    strncpy.o                       112
    zero_init3.o                     56
    --------------------------------------------------------------
    Total:                        1'288

shb_l.a: [46]
    exit.o                           20
    --------------------------------------------------------------
    Total:                           20

zf_device_config.a: [47]
    zf_device_config_mt9v03x.o    2'144                36
    --------------------------------------------------------------
    Total:                        2'144                36

    Gaps                             26        6
    Linker created                            32    8'192
------------------------------------------------------------------
    Grand Total:                 23'878    3'053   82'566   22'560


*******************************************************************************
*** ENTRY LIST
***

Entry                       Address    Size  Type      Object
-----                       -------    ----  ----      ------
.iar.init_table$$Base   0x1008'664c           --   Gb  - Linker created -
.iar.init_table$$Limit  0x1008'666c           --   Gb  - Linker created -
?main                   0x1008'66d1          Code  Gb  cmain.o [45]
BusFault_Handler        0x1008'68ad          Code  Wk  startup_cm4.o [25]
CSTACK$$Base             0x807'e000           --   Gb  - Linker created -
CSTACK$$Limit            0x808'0000           --   Gb  - Linker created -
CopyVectorTable         0x1008'617d    0x34  Code  Lc  startup.o [25]
CpuUserInt0_Handler     0x1008'5ee3    0x26  Code  Gb  cy_interrupt_map.o [19]
CpuUserInt10_Handler    0x1008'68c9          Code  Wk  startup_cm4.o [25]
CpuUserInt11_Handler    0x1008'68cd          Code  Wk  startup_cm4.o [25]
CpuUserInt12_Handler    0x1008'68d1          Code  Wk  startup_cm4.o [25]
CpuUserInt13_Handler    0x1008'68d5          Code  Wk  startup_cm4.o [25]
CpuUserInt14_Handler    0x1008'68d9          Code  Wk  startup_cm4.o [25]
CpuUserInt15_Handler    0x1008'68dd          Code  Wk  startup_cm4.o [25]
CpuUserInt1_Handler     0x1008'5f09    0x26  Code  Gb  cy_interrupt_map.o [19]
CpuUserInt2_Handler     0x1008'5f2f    0x26  Code  Gb  cy_interrupt_map.o [19]
CpuUserInt3_Handler     0x1008'5f55    0x26  Code  Gb  cy_interrupt_map.o [19]
CpuUserInt4_Handler     0x1008'5f7b    0x26  Code  Gb  cy_interrupt_map.o [19]
CpuUserInt5_Handler     0x1008'5fa1    0x26  Code  Gb  cy_interrupt_map.o [19]
CpuUserInt6_Handler     0x1008'5fc7    0x26  Code  Gb  cy_interrupt_map.o [19]
CpuUserInt7_Handler     0x1008'5fed    0x26  Code  Gb  cy_interrupt_map.o [19]
CpuUserInt8_Handler     0x1008'68c1          Code  Wk  startup_cm4.o [25]
CpuUserInt9_Handler     0x1008'68c5          Code  Wk  startup_cm4.o [25]
Cy_DefaultUserHandler   0x1008'5ee1     0x2  Code  Gb  cy_interrupt_map.o [19]
Cy_GPIO_ClearInterrupt  0x1008'36db     0xe  Code  Lc  cy_gpio.o [11]
Cy_GPIO_Clr             0x1008'2fe9     0xa  Code  Lc  zf_driver_gpio.o [42]
Cy_GPIO_Pin_Init        0x1008'371f    0x74  Code  Gb  cy_gpio.o [11]
Cy_GPIO_Read            0x1008'2fd5     0xa  Code  Lc  zf_driver_gpio.o [42]
Cy_GPIO_Set             0x1008'2fdf     0xa  Code  Lc  zf_driver_gpio.o [42]
Cy_GPIO_SetDriveSel     0x1008'36bd    0x1e  Code  Lc  cy_gpio.o [11]
Cy_GPIO_SetDrivemode    0x1008'366d    0x1c  Code  Lc  cy_gpio.o [11]
Cy_GPIO_SetDrivemode    0x1008'2ff3    0x1c  Code  Lc  zf_driver_gpio.o [42]
Cy_GPIO_SetHSIOM        0x1008'3609    0x4c  Code  Lc  cy_gpio.o [11]
Cy_GPIO_SetInterruptEdge
                        0x1008'3703    0x1c  Code  Lc  cy_gpio.o [11]
Cy_GPIO_SetInterruptMask
                        0x1008'36e9    0x1a  Code  Lc  cy_gpio.o [11]
Cy_GPIO_SetSlewRate     0x1008'36a3    0x1a  Code  Lc  cy_gpio.o [11]
Cy_GPIO_SetVtrip        0x1008'3689    0x1a  Code  Lc  cy_gpio.o [11]
Cy_GPIO_Write           0x1008'3655    0x18  Code  Lc  cy_gpio.o [11]
Cy_RestoreIRQ           0x1008'62c5          Code  Gb  startup_cm4.o [25]
Cy_SCB_ClearRxFifo      0x1008'2297    0x1e  Code  Lc  zf_driver_spi.o [42]
Cy_SCB_GetFifoSize      0x1008'22f1    0x12  Code  Lc  zf_driver_spi.o [42]
Cy_SCB_GetNumInRxFifo   0x1008'228d     0xa  Code  Lc  zf_driver_spi.o [42]
Cy_SCB_GetNumInTxFifo   0x1008'22bb     0xa  Code  Lc  zf_driver_spi.o [42]
Cy_SCB_GetNumInTxFifo   0x1008'3987     0xa  Code  Lc  zf_driver_uart.o [42]
Cy_SCB_GetTxSrValid     0x1008'22c5     0xa  Code  Lc  zf_driver_spi.o [42]
Cy_SCB_GetTxSrValid     0x1008'3991     0xa  Code  Lc  zf_driver_uart.o [42]
Cy_SCB_IsTxComplete     0x1008'22cf    0x22  Code  Lc  zf_driver_spi.o [42]
Cy_SCB_IsTxComplete     0x1008'399b    0x22  Code  Lc  zf_driver_uart.o [42]
Cy_SCB_SPI_ClearRxFifo  0x1008'2323     0x8  Code  Lc  zf_driver_spi.o [42]
Cy_SCB_SPI_Enable       0x1008'2303     0xa  Code  Lc  zf_driver_spi.o [42]
Cy_SCB_SPI_GetNumInRxFifo
                        0x1008'231b     0x8  Code  Lc  zf_driver_spi.o [42]
Cy_SCB_SPI_Init         0x1008'37a1   0x1c8  Code  Gb  cy_scb_spi.o [20]
Cy_SCB_SPI_SetActiveSlaveSelect
                        0x1008'230d     0xe  Code  Lc  zf_driver_spi.o [42]
Cy_SCB_WriteTxFifo      0x1008'22b5     0x6  Code  Lc  zf_driver_spi.o [42]
Cy_SCB_WriteTxFifo      0x1008'3981     0x6  Code  Lc  zf_driver_uart.o [42]
Cy_SaveIRQ              0x1008'62bd          Code  Gb  startup_cm4.o [25]
Cy_SysClk_CheckDividerExisting
                        0x1008'5a51    0x34  Code  Lc  zf_device_mt9v03x.o [41]
Cy_SysClk_CheckDividerExisting
                        0x1008'3161    0x34  Code  Lc  zf_driver_delay.o [42]
Cy_SysClk_CheckDividerExisting
                        0x1008'232b    0x34  Code  Lc  zf_driver_spi.o [42]
Cy_SysClk_ClkPathGetSource
                        0x1008'4d3f    0x54  Code  Gb  cy_sysclk.o [27]
Cy_SysClk_EcoGetStatus  0x1008'4c29    0x1a  Code  Lc  cy_sysclk.o [27]
Cy_SysClk_FastClkGetDivider
                        0x1008'4d33     0xc  Code  Lc  cy_sysclk.o [27]
Cy_SysClk_FllGetConfiguration
                        0x1008'4d93    0x7e  Code  Gb  cy_sysclk.o [27]
Cy_SysClk_FllGetLockStatus
                        0x1008'4c43     0xc  Code  Lc  cy_sysclk.o [27]
Cy_SysClk_GetCoreFrequency
                        0x1008'5273     0x8  Code  Gb  cy_sysclk.o [27]
Cy_SysClk_GetEcoFrequency
                        0x1008'4edd    0x32  Code  Gb  cy_sysclk.o [27]
Cy_SysClk_GetExtFrequency
                        0x1008'4f11    0x1e  Code  Gb  cy_sysclk.o [27]
Cy_SysClk_GetFastFrequency
                        0x1008'5245    0x2e  Code  Gb  cy_sysclk.o [27]
Cy_SysClk_GetFllInputFrequency
                        0x1008'5039     0xc  Code  Gb  cy_sysclk.o [27]
Cy_SysClk_GetFllOutputFrequency
                        0x1008'5061    0x78  Code  Gb  cy_sysclk.o [27]
Cy_SysClk_GetHfClkFrequency
                        0x1008'51cb    0x7a  Code  Gb  cy_sysclk.o [27]
Cy_SysClk_GetIlo0Frequency
                        0x1008'4f31    0x32  Code  Gb  cy_sysclk.o [27]
Cy_SysClk_GetIlo1Frequency
                        0x1008'4f63    0x32  Code  Gb  cy_sysclk.o [27]
Cy_SysClk_GetImoFrequency
                        0x1008'4eab    0x32  Code  Gb  cy_sysclk.o [27]
Cy_SysClk_GetPathFrequency
                        0x1008'5199    0x32  Code  Gb  cy_sysclk.o [27]
Cy_SysClk_GetPathSourceFrequency
                        0x1008'4fd5    0x64  Code  Gb  cy_sysclk.o [27]
Cy_SysClk_GetPllInputFrequency
                        0x1008'5045    0x1c  Code  Gb  cy_sysclk.o [27]
Cy_SysClk_GetPllNo      0x1008'4c51    0x14  Code  Lc  cy_sysclk.o [27]
Cy_SysClk_GetPllOutputFrequency
                        0x1008'50d9    0xba  Code  Gb  cy_sysclk.o [27]
Cy_SysClk_GetWcoFrequency
                        0x1008'4f95    0x32  Code  Gb  cy_sysclk.o [27]
Cy_SysClk_HfClockGetDivider
                        0x1008'4cf1    0x42  Code  Lc  cy_sysclk.o [27]
Cy_SysClk_HfClockGetSource
                        0x1008'4c9d    0x54  Code  Lc  cy_sysclk.o [27]
Cy_SysClk_InitGetFreqParams
                        0x1008'4e91    0x1a  Code  Gb  cy_sysclk.o [27]
Cy_SysClk_PeriphAssignDivider
                        0x1008'5ae9    0x38  Code  Lc  zf_device_mt9v03x.o [41]
Cy_SysClk_PeriphAssignDivider
                        0x1008'31f9    0x38  Code  Lc  zf_driver_delay.o [42]
Cy_SysClk_PeriphAssignDivider
                        0x1008'23eb    0x3a  Code  Lc  zf_driver_spi.o [42]
Cy_SysClk_PeriphEnableDivider
                        0x1008'5b21    0x3a  Code  Lc  zf_device_mt9v03x.o [41]
Cy_SysClk_PeriphEnableDivider
                        0x1008'3231    0x3a  Code  Lc  zf_driver_delay.o [42]
Cy_SysClk_PeriphEnableDivider
                        0x1008'2425    0x3c  Code  Lc  zf_driver_spi.o [42]
Cy_SysClk_PeriphSetDivider
                        0x1008'5a85    0x64  Code  Lc  zf_device_mt9v03x.o [41]
Cy_SysClk_PeriphSetDivider
                        0x1008'3195    0x64  Code  Lc  zf_driver_delay.o [42]
Cy_SysClk_PeriphSetFracDivider
                        0x1008'235f    0x8c  Code  Lc  zf_driver_spi.o [42]
Cy_SysClk_PllGetConfiguration
                        0x1008'4e25    0x48  Code  Gb  cy_sysclk.o [27]
Cy_SysClk_PllGetLockStatus
                        0x1008'4c65    0x28  Code  Lc  cy_sysclk.o [27]
Cy_SysClk_WcoOkay       0x1008'4c8d     0xe  Code  Lc  cy_sysclk.o [27]
Cy_SysInt_InitIRQ       0x1008'3d41    0x36  Code  Gb  cy_sysint.o [29]
Cy_SysInt_SetSystemIrqVector
                        0x1008'3d77    0x12  Code  Gb  cy_sysint.o [29]
Cy_SysInt_SystemIrqUserTableRamPointer
                         0x802'6494     0x4  Data  Gb  cy_interrupt_map.o [19]
Cy_SysLib_DelayCycles   0x1008'66b1          Code  Gb  cy_syslib_iar.o [30]
Cy_SysLib_EnterCriticalSection
                        0x1008'66c1          Code  Gb  cy_syslib_iar.o [30]
Cy_SysLib_ExitCriticalSection
                        0x1008'66c9          Code  Gb  cy_syslib_iar.o [30]
Cy_SysLib_FaultHandler  0x1008'5315    0x90  Code  Gb  cy_syslib.o [30]
Cy_SysLib_Halt          0x1008'5311     0x4  Code  Gb  cy_syslib.o [30]
Cy_SysLib_ProcessingFault
                        0x1008'545f     0x2  Code  Wk  cy_syslib.o [30]
Cy_SysLib_SvcHandler    0x1008'6849     0xc  Code  Wk  cy_syslib.o [30]
Cy_SystemInitFpuEnable  0x1008'626d    0x1e  Code  Gb  system_tviibe4m_cm4.o [18]
Cy_SystemIrqUserTable    0x802'5e98   0x5fc  Data  Gb  cy_interrupt_map.o [19]
Cy_Tcpwm_Counter_ClearTC_Intr
                        0x1008'3cf5    0x10  Code  Gb  cy_tcpwm_counter.o [36]
Cy_Tcpwm_Counter_Enable
                        0x1008'3cd5     0xa  Code  Gb  cy_tcpwm_counter.o [36]
Cy_Tcpwm_Counter_GetCounter
                        0x1008'3ce3     0x4  Code  Gb  cy_tcpwm_counter.o [36]
Cy_Tcpwm_Counter_Init   0x1008'3b4d   0x172  Code  Gb  cy_tcpwm_counter.o [36]
Cy_Tcpwm_Counter_SetCounter
                        0x1008'3cdf     0x4  Code  Gb  cy_tcpwm_counter.o [36]
Cy_Tcpwm_Counter_SetTC_IntrMask
                        0x1008'3ce7     0xe  Code  Gb  cy_tcpwm_counter.o [36]
Cy_Tcpwm_TriggerStart   0x1008'3d05     0xe  Code  Gb  cy_tcpwm.o [36]
Cy_u32StartupStackEndAddress
                        0x1008'6564          Data  Gb  startup_cm4.o [25]
Cy_u32StartupStackStartAddress
                        0x1008'6560          Data  Gb  startup_cm4.o [25]
DebugMon_Handler        0x1008'68b5          Code  Wk  startup_cm4.o [25]
Get_image               0x1008'0089    0x5a  Code  Gb  camera.o [4]
HEAP_STACK$$Base         0x807'e000           --   Gb  - Linker created -
HEAP_STACK$$Limit        0x808'0000           --   Gb  - Linker created -
HardFault_Handler       0x1008'666d          Code  Wk  startup_cm4.o [25]
InitRamEcc              0x1008'606d    0xfe  Code  Lc  startup.o [25]
InitRamEccClearArea     0x1008'616b    0x12  Code  Lc  startup.o [25]
MemManage_Handler       0x1008'68a9          Code  Wk  startup_cm4.o [25]
NMI_Handler             0x1008'68a5          Code  Wk  startup_cm4.o [25]
PendSV_Handler          0x1008'68b9          Code  Wk  startup_cm4.o [25]
Region$$Table$$Base     0x1008'664c           --   Gb  - Linker created -
Region$$Table$$Limit    0x1008'666c           --   Gb  - Linker created -
Reset_Handler           0x1008'6525          Code  Wk  startup_cm4.o [25]
SVC_Handler             0x1008'6735          Code  Wk  startup_cm4.o [25]
Startup_Init            0x1008'605d    0x10  Code  Gb  startup.o [25]
SysTick_Handler         0x1008'68bd          Code  Wk  startup_cm4.o [25]
SystemCoreClock          0x803'8038     0x4  Data  Gb  system_tviibe4m_cm4.o [18]
SystemCoreClockUpdate   0x1008'61d5    0x98  Code  Gb  system_tviibe4m_cm4.o [18]
SystemInit              0x1008'61cd     0x8  Code  Gb  system_tviibe4m_cm4.o [18]
UsageFault_Handler      0x1008'68b1          Code  Wk  startup_cm4.o [25]
_PrintfTiny             0x1008'216d   0x120  Code  Gb  xprintftiny.o [43]
_Prout                  0x1008'67b5    0x16  Code  Gb  xprout.o [43]
_SProut                 0x1008'11eb     0xa  Code  Gb  xsprout.o [43]
__NVIC_ClearPendingIRQ  0x1008'5ec5    0x1c  Code  Lc  cy_interrupt_map.o [19]
__NVIC_ClearPendingIRQ  0x1008'3a85    0x1c  Code  Lc  zf_common_interrupt.o [39]
__NVIC_EnableIRQ        0x1008'3a69    0x1c  Code  Lc  zf_common_interrupt.o [39]
__NVIC_SetPriority      0x1008'3aa1    0x24  Code  Lc  zf_common_interrupt.o [39]
__Vectors               0x1008'0000           --   Gb  startup_cm4.o [25]
__Vectors_End           0x1008'0080          Data  Gb  startup_cm4.o [25]
__Vectors_Size {Abs}           0x80           --   Gb  startup_cm4.o [25]
__aeabi_cdcmple         0x1008'1615          Code  Gb  DblCmpLe.o [44]
__aeabi_ddiv            0x1008'0fa5          Code  Gb  DblDiv.o [44]
__aeabi_dmul            0x1008'1219          Code  Gb  DblMul.o [44]
__aeabi_dsub            0x1008'1531          Code  Gb  DblAddSub.o [44]
__aeabi_i2d             0x1008'11f5          Code  Gb  S32ToDbl.o [44]
__aeabi_ldiv0           0x1008'3d15          Code  Gb  I64DivZer.o [45]
__aeabi_memcpy          0x1008'53b9          Code  Gb  ABImemcpy.o [45]
__aeabi_memcpy4         0x1008'53d9          Code  Gb  ABImemcpy.o [45]
__aeabi_memcpy8         0x1008'53d9          Code  Gb  ABImemcpy.o [45]
__aeabi_memset          0x1008'0ea5          Code  Gb  ABImemset.o [45]
__aeabi_ui2d            0x1008'0f89          Code  Gb  U32ToDbl.o [44]
__aeabi_uldivmod        0x1008'33d9          Code  Gb  I64DivMod.o [45]
__cmain                 0x1008'66d1          Code  Gb  cmain.o [45]
__ecc_init_sram_end_address {Abs}
                         0x807'ffff          Data  Gb  <internal module>
__ecc_init_sram_start_address {Abs}
                         0x802'0000          Data  Gb  <internal module>
__exit                  0x1008'6705    0x14  Code  Gb  exit.o [46]
__iar_Memset            0x1008'0ea5          Code  Gb  ABImemset.o [45]
__iar_Memset_word       0x1008'0ead          Code  Gb  ABImemset.o [45]
__iar_data_init3        0x1008'65d5    0x18  Code  Gb  data_init.o [45]
__iar_init_vfp          0x1008'6629          Code  Gb  fpinit_M.o [44]
__iar_lz77_init_single3
                        0x1008'0f0b    0x7e  Code  Gb  lz77_init_single.o [45]
__iar_program_start     0x1008'6751          Code  Gb  cstartup_M.o [45]
__iar_zero_init3        0x1008'6569    0x38  Code  Gb  zero_init3.o [45]
__low_level_init        0x1008'66f1          Code  Gb  startup_cm4.o [25]
__ramVectors             0x803'8400          Data  Gb  startup_cm4.o [25]
__vector_table          0x1008'0000          Data  Gb  startup_cm4.o [25]
__vector_table_0x1c     0x1008'001c          Data  Gb  startup_cm4.o [25]
__write                 0x1008'2ef9    0x12  Code  Gb  zf_common_debug.o [39]
_call_main              0x1008'66dd          Code  Gb  cmain.o [45]
_exit                   0x1008'66f9          Code  Gb  cexit.o [45]
ascii_font_6x8          0x1008'5c9c   0x228  Data  Gb  zf_common_font.o [39]
ascii_font_8x16         0x1008'5460   0x5f0  Data  Gb  zf_common_font.o [39]
assert_interrupt_config
                        0x1008'3afd     0xc  Code  Gb  zf_common_interrupt.o [39]
bin_image                0x802'bce8  0x5820  Data  Gb  camera.o [4]
camera_finish_callback  0x1008'5b5b    0x1e  Code  Gb  zf_device_mt9v03x.o [41]
center_line              0x803'7ef8    0x78  Data  Gb  camera.o [4]
clock_init              0x1008'6339    0x16  Code  Gb  zf_common_clock.o [39]
cs_pin_save              0x803'8054     0x4  Data  Gb  zf_driver_spi.o [42]
cy_assertFileName        0x803'7ff8    0x18  Data  Gb  cy_syslib.o [30]
cy_assertLine            0x803'8034     0x4  Data  Gb  cy_syslib.o [30]
cy_delay32kMs            0x803'8048     0x4  Data  Gb  system_tviibe4m_cm4.o [18]
cy_delayFreqHz           0x803'803c     0x4  Data  Gb  system_tviibe4m_cm4.o [18]
cy_delayFreqKhz          0x803'8040     0x4  Data  Gb  system_tviibe4m_cm4.o [18]
cy_delayFreqMhz          0x803'8044     0x4  Data  Gb  system_tviibe4m_cm4.o [18]
cy_faultFrame            0x803'7f70    0x70  Data  Gb  cy_syslib.o [30]
data_stastics_l          0x803'8074     0x2  Data  Gb  camera.o [4]
data_stastics_r          0x803'8076     0x2  Data  Gb  camera.o [4]
debug_assert_handler    0x1008'2f0b    0x3c  Code  Gb  zf_common_debug.o [39]
debug_assert_handler::assert_nest_index
                         0x803'807b     0x1  Data  Lc  zf_common_debug.o [39]
debug_delay             0x1008'2bf5    0x36  Code  Lc  zf_common_debug.o [39]
debug_info_init         0x1008'2f91    0x18  Code  Gb  zf_common_debug.o [39]
debug_output            0x1008'2c37   0x2c2  Code  Lc  zf_common_debug.o [39]
debug_output_info        0x803'8010    0x14  Data  Lc  zf_common_debug.o [39]
debug_output_init       0x1008'2f67    0x2a  Code  Gb  zf_common_debug.o [39]
debug_output_struct_init
                        0x1008'2f47    0x20  Code  Gb  zf_common_debug.o [39]
debug_uart_str_output   0x1008'2c2b     0xc  Code  Lc  zf_common_debug.o [39]
delay_clk                0x802'64c6     0x1  Data  Lc  zf_driver_delay.o [42]
dir_l                    0x803'7b38   0x2d0  Data  Gb  camera.o [4]
dir_r                    0x803'7868   0x2d0  Data  Gb  camera.o [4]
exit                    0x1008'66f5     0x4  Code  Gb  exit.o [43]
get_left                0x1008'0a63    0x70  Code  Gb  camera.o [4]
get_right               0x1008'0ad3    0x6c  Code  Gb  camera.o [4]
get_start_point         0x1008'03d9    0xce  Code  Gb  camera.o [4]
gpio_get_level          0x1008'3057    0x24  Code  Gb  zf_driver_gpio.o [42]
gpio_init               0x1008'30cb    0x90  Code  Gb  zf_driver_gpio.o [42]
gpio_set_dir            0x1008'307b    0x50  Code  Gb  zf_driver_gpio.o [42]
gpio_set_level          0x1008'300f    0x48  Code  Gb  zf_driver_gpio.o [42]
image_draw_rectan       0x1008'0c7d    0x74  Code  Gb  camera.o [4]
image_filter            0x1008'0b3f   0x13e  Code  Gb  camera.o [4]
image_process           0x1008'0cf1   0x162  Code  Gb  camera.o [4]
image_thereshold         0x803'8078     0x1  Data  Gb  camera.o [4]
intFreqInitialized       0x803'8079     0x1  Data  Gb  cy_sysclk.o [27]
internalBaseFreqInfo     0x803'7fe0    0x18  Data  Gb  cy_sysclk.o [27]
interrupt_global_disable
                        0x1008'3ad5    0x14  Code  Gb  zf_common_interrupt.o [39]
interrupt_global_enable
                        0x1008'3ac5    0x10  Code  Gb  zf_common_interrupt.o [39]
interrupt_global_flag    0x803'8050     0x4  Data  Lc  zf_common_interrupt.o [39]
interrupt_init          0x1008'3b15    0x36  Code  Gb  zf_common_interrupt.o [39]
interrupt_set_priority  0x1008'3b09     0xc  Code  Gb  zf_common_interrupt.o [39]
l_border                 0x803'7e08    0x78  Data  Gb  camera.o [4]
main                    0x1008'62cd    0x6c  Code  Gb  main_cm4.o [38]
mt9v03x_auto_exp         0x803'8064     0x4  Data  Lc  zf_device_config_mt9v03x.o [47]
mt9v03x_exp_time         0x803'8068     0x4  Data  Lc  zf_device_config_mt9v03x.o [47]
mt9v03x_finish_flag      0x803'807c     0x1  Data  Gb  zf_device_mt9v03x.o [41]
mt9v03x_h_blank          0x803'8060     0x4  Data  Lc  zf_device_config_mt9v03x.o [47]
mt9v03x_iic_inf_struct   0x803'8024    0x10  Data  Lc  zf_device_config_mt9v03x.o [47]
mt9v03x_image            0x803'1508  0x5820  Data  Gb  zf_device_mt9v03x.o [41]
mt9v03x_image_temp       0x802'0658  0x5820  Data  Wk  zf_device_mt9v03x.o [41]
mt9v03x_init            0x1008'5c81    0x1c  Code  Gb  zf_device_mt9v03x.o [41]
mt9v03x_read_word_sccb  0x1008'3e55    0x28  Code  Lc  zf_device_config_mt9v03x.o [47]
mt9v03x_row              0x803'806c     0x4  Data  Lc  zf_device_config_mt9v03x.o [47]
mt9v03x_sccb_check_id   0x1008'3e7d    0x60  Code  Gb  zf_device_config_mt9v03x.o [47]
mt9v03x_sccb_init       0x1008'5c15    0x3c  Code  Gb  zf_device_mt9v03x.o [41]
mt9v03x_sccb_set_config
                        0x1008'3edd   0x6fe  Code  Gb  zf_device_config_mt9v03x.o [47]
mt9v03x_trig_init       0x1008'5b79    0x9c  Code  Lc  zf_device_mt9v03x.o [41]
mt9v03x_v_blank          0x803'805c     0x4  Data  Lc  zf_device_config_mt9v03x.o [47]
mt9v03x_write_and_check_word_sccb
                        0x1008'3dc3    0x92  Code  Lc  zf_device_config_mt9v03x.o [47]
mt9v03x_write_word_sccb
                        0x1008'3d99    0x2a  Code  Lc  zf_device_config_mt9v03x.o [47]
my_abs                  0x1008'0081     0x8  Code  Gb  camera.o [4]
original_image           0x802'64c8  0x5820  Data  Gb  camera.o [4]
otsuThreshold           0x1008'00e5   0x26e  Code  Gb  camera.o [4]
out                     0x1008'2155    0x18  Code  Lc  xprintftiny.o [43]
points_l                 0x803'6d28   0x5a0  Data  Gb  camera.o [4]
points_r                 0x803'72c8   0x5a0  Data  Gb  camera.o [4]
printf                  0x1008'1649    0x28  Code  Gb  printf.o [43]
putchar                 0x1008'668d    0x20  Code  Gb  putchar.o [43]
pwm_all_channel_close   0x1008'3d19    0x22  Code  Gb  zf_driver_pwm.o [42]
r_border                 0x803'7e80    0x78  Data  Gb  camera.o [4]
scb_module               0x802'64a8    0x14  Data  Gb  zf_driver_uart.o [42]
search_l_r              0x1008'04b1   0x5b2  Code  Gb  camera.o [4]
search_l_r::seeds_l      0x802'5e78    0x10  Data  Lc  camera.o [4]
search_l_r::seeds_r      0x802'5e88    0x10  Data  Lc  camera.o [4]
soft_iic_init           0x1008'4bad    0x78  Code  Gb  zf_driver_soft_iic.o [42]
soft_iic_read_data      0x1008'49cf   0x118  Code  Lc  zf_driver_soft_iic.o [42]
soft_iic_sccb_read_register
                        0x1008'4b41    0x6c  Code  Gb  zf_driver_soft_iic.o [42]
soft_iic_sccb_write_register
                        0x1008'4af5    0x4c  Code  Gb  zf_driver_soft_iic.o [42]
soft_iic_send_ack       0x1008'4745    0xd2  Code  Lc  zf_driver_soft_iic.o [42]
soft_iic_send_data      0x1008'48ef    0xe0  Code  Lc  zf_driver_soft_iic.o [42]
soft_iic_start          0x1008'45f9    0xa6  Code  Lc  zf_driver_soft_iic.o [42]
soft_iic_stop           0x1008'469f    0xa6  Code  Lc  zf_driver_soft_iic.o [42]
soft_iic_wait_ack       0x1008'4817    0xd8  Code  Lc  zf_driver_soft_iic.o [42]
spi_get_clk_hsiom       0x1008'2509    0x28  Code  Lc  zf_driver_spi.o [42]
spi_get_clk_pin         0x1008'2461    0x28  Code  Lc  zf_driver_spi.o [42]
spi_get_cs_hsiom        0x1008'2585    0x2c  Code  Lc  zf_driver_spi.o [42]
spi_get_cs_pin          0x1008'24dd    0x2c  Code  Lc  zf_driver_spi.o [42]
spi_get_miso_hsiom      0x1008'2559    0x2c  Code  Lc  zf_driver_spi.o [42]
spi_get_miso_pin        0x1008'24b1    0x2c  Code  Lc  zf_driver_spi.o [42]
spi_get_module_clock    0x1008'25b1    0x26  Code  Lc  zf_driver_spi.o [42]
spi_get_mosi_hsiom      0x1008'2531    0x28  Code  Lc  zf_driver_spi.o [42]
spi_get_mosi_pin        0x1008'2489    0x28  Code  Lc  zf_driver_spi.o [42]
spi_init                0x1008'2999   0x248  Code  Gb  zf_driver_spi.o [42]
spi_module               0x802'6498    0x10  Data  Gb  zf_driver_spi.o [42]
spi_write_16bit         0x1008'2803    0xb2  Code  Gb  zf_driver_spi.o [42]
spi_write_16bit_array   0x1008'28b5    0xbe  Code  Gb  zf_driver_spi.o [42]
spi_write_8bit          0x1008'2735    0xce  Code  Gb  zf_driver_spi.o [42]
sprintf                 0x1008'3a29    0x40  Code  Gb  sprintf.o [43]
start_point_l            0x803'8070     0x2  Data  Gb  camera.o [4]
start_point_r            0x803'8072     0x2  Data  Gb  camera.o [4]
strlen                  0x1008'33a1          Code  Gb  strlen.o [45]
strncpy                 0x1008'52a1          Code  Gb  strncpy.o [45]
switch_transition_length
                        0x1008'25d7   0x15e  Code  Lc  zf_driver_spi.o [42]
switch_transition_length::now_length
                         0x803'8058     0x4  Data  Lc  zf_driver_spi.o [42]
system_clock             0x803'804c     0x4  Data  Gb  zf_common_clock.o [39]
system_delay_init       0x1008'32dd    0xa2  Code  Gb  zf_driver_delay.o [42]
system_delay_ms         0x1008'326b    0x72  Code  Gb  zf_driver_delay.o [42]
tft180_bgcolor           0x802'64c2     0x2  Data  Lc  zf_device_tft180.o [41]
tft180_clear            0x1008'185d    0x72  Code  Gb  zf_device_tft180.o [41]
tft180_debug_init       0x1008'17f1    0x6a  Code  Lc  zf_device_tft180.o [41]
tft180_display_dir       0x803'807d     0x1  Data  Lc  zf_device_tft180.o [41]
tft180_display_font      0x802'64c5     0x1  Data  Lc  zf_device_tft180.o [41]
tft180_draw_point       0x1008'1919    0x7c  Code  Gb  zf_device_tft180.o [41]
tft180_height_max        0x802'64be     0x2  Data  Gb  zf_device_tft180.o [41]
tft180_init             0x1008'1dc9   0x35e  Code  Gb  zf_device_tft180.o [41]
tft180_pencolor          0x802'64c0     0x2  Data  Lc  zf_device_tft180.o [41]
tft180_set_color        0x1008'190b     0xe  Code  Gb  zf_device_tft180.o [41]
tft180_set_dir          0x1008'18cf    0x3c  Code  Gb  zf_device_tft180.o [41]
tft180_set_region       0x1008'168f   0x162  Code  Lc  zf_device_tft180.o [41]
tft180_show_char        0x1008'1997   0x1fa  Code  Gb  zf_device_tft180.o [41]
tft180_show_gray_image  0x1008'1c59   0x150  Code  Gb  zf_device_tft180.o [41]
tft180_show_string      0x1008'1b95    0xac  Code  Gb  zf_device_tft180.o [41]
tft180_width_max         0x802'64bc     0x2  Data  Gb  zf_device_tft180.o [41]
tft180_write_index      0x1008'1671    0x1e  Code  Lc  zf_device_tft180.o [41]
timer_ch                 0x802'64c7     0x1  Data  Lc  zf_driver_delay.o [42]
turn_to_bin             0x1008'0353    0x7c  Code  Gb  camera.o [4]
uart_write_buffer       0x1008'39e5    0x1e  Code  Gb  zf_driver_uart.o [42]
uart_write_byte         0x1008'39bd    0x28  Code  Gb  zf_driver_uart.o [42]
uart_write_string       0x1008'3a03    0x22  Code  Gb  zf_driver_uart.o [42]
zf_debug_assert_enable   0x802'64c4     0x1  Data  Lc  zf_common_debug.o [39]
zf_debug_init_flag       0x803'807a     0x1  Data  Lc  zf_common_debug.o [39]


[1] = E:\Documents\GitHub\smartcar\smartcar\iar\Debug_m4\Obj\adc_11722776235721520015.dir
[2] = E:\Documents\GitHub\smartcar\smartcar\iar\Debug_m4\Obj\button_4990804375159372270.dir
[3] = E:\Documents\GitHub\smartcar\smartcar\iar\Debug_m4\Obj\canfd_1800690984773873875.dir
[4] = E:\Documents\GitHub\smartcar\smartcar\iar\Debug_m4\Obj\code_17896468042025673432.dir
[5] = E:\Documents\GitHub\smartcar\smartcar\iar\Debug_m4\Obj\cpu_15938736945165268644.dir
[6] = E:\Documents\GitHub\smartcar\smartcar\iar\Debug_m4\Obj\crypto_1190170608956581615.dir
[7] = E:\Documents\GitHub\smartcar\smartcar\iar\Debug_m4\Obj\dma_12106025507578611576.dir
[8] = E:\Documents\GitHub\smartcar\smartcar\iar\Debug_m4\Obj\evtgen_3404189088603873129.dir
[9] = E:\Documents\GitHub\smartcar\smartcar\iar\Debug_m4\Obj\flash_8529866181315662935.dir
[10] = E:\Documents\GitHub\smartcar\smartcar\iar\Debug_m4\Obj\flash_864493325053435817.dir
[11] = E:\Documents\GitHub\smartcar\smartcar\iar\Debug_m4\Obj\gpio_3999404635324069351.dir
[12] = E:\Documents\GitHub\smartcar\smartcar\iar\Debug_m4\Obj\ipc_10145506163450686023.dir
[13] = E:\Documents\GitHub\smartcar\smartcar\iar\Debug_m4\Obj\lin_18429031207028094880.dir
[14] = E:\Documents\GitHub\smartcar\smartcar\iar\Debug_m4\Obj\lvd_6353935867039560245.dir
[15] = E:\Documents\GitHub\smartcar\smartcar\iar\Debug_m4\Obj\mcwdt_4052485907822033969.dir
[16] = E:\Documents\GitHub\smartcar\smartcar\iar\Debug_m4\Obj\mpu_5663187252346826382.dir
[17] = E:\Documents\GitHub\smartcar\smartcar\iar\Debug_m4\Obj\prot_10722960861768657883.dir
[18] = E:\Documents\GitHub\smartcar\smartcar\iar\Debug_m4\Obj\rev_b_4986922561640112550.dir
[19] = E:\Documents\GitHub\smartcar\smartcar\iar\Debug_m4\Obj\rev_b_6162237342861132223.dir
[20] = E:\Documents\GitHub\smartcar\smartcar\iar\Debug_m4\Obj\scb_15490842639181808494.dir
[21] = E:\Documents\GitHub\smartcar\smartcar\iar\Debug_m4\Obj\semihosting_143864889731838620.dir
[22] = E:\Documents\GitHub\smartcar\smartcar\iar\Debug_m4\Obj\smartio_5451710003740070188.dir
[23] = E:\Documents\GitHub\smartcar\smartcar\iar\Debug_m4\Obj\smif_427648126384146252.dir
[24] = E:\Documents\GitHub\smartcar\smartcar\iar\Debug_m4\Obj\srom_13018798572330080582.dir
[25] = E:\Documents\GitHub\smartcar\smartcar\iar\Debug_m4\Obj\startup_479057977785470282.dir
[26] = E:\Documents\GitHub\smartcar\smartcar\iar\Debug_m4\Obj\sw_timer_4215635015939382130.dir
[27] = E:\Documents\GitHub\smartcar\smartcar\iar\Debug_m4\Obj\sysclk_16149231235676103872.dir
[28] = E:\Documents\GitHub\smartcar\smartcar\iar\Debug_m4\Obj\sysflt_12293435975120599261.dir
[29] = E:\Documents\GitHub\smartcar\smartcar\iar\Debug_m4\Obj\sysint_7435970359207984181.dir
[30] = E:\Documents\GitHub\smartcar\smartcar\iar\Debug_m4\Obj\syslib_16330585751512546975.dir
[31] = E:\Documents\GitHub\smartcar\smartcar\iar\Debug_m4\Obj\syspm_10887939769544754770.dir
[32] = E:\Documents\GitHub\smartcar\smartcar\iar\Debug_m4\Obj\sysreset_14586141425677365288.dir
[33] = E:\Documents\GitHub\smartcar\smartcar\iar\Debug_m4\Obj\sysrtc_10747768817563771611.dir
[34] = E:\Documents\GitHub\smartcar\smartcar\iar\Debug_m4\Obj\systick_16016591671695740695.dir
[35] = E:\Documents\GitHub\smartcar\smartcar\iar\Debug_m4\Obj\syswdt_9118657615806274156.dir
[36] = E:\Documents\GitHub\smartcar\smartcar\iar\Debug_m4\Obj\tcpwm_422923530147891246.dir
[37] = E:\Documents\GitHub\smartcar\smartcar\iar\Debug_m4\Obj\trigmux_9729677290734583340.dir
[38] = E:\Documents\GitHub\smartcar\smartcar\iar\Debug_m4\Obj\user_8514941877209965082.dir
[39] = E:\Documents\GitHub\smartcar\smartcar\iar\Debug_m4\Obj\zf_common_1201165462030747823.dir
[40] = E:\Documents\GitHub\smartcar\smartcar\iar\Debug_m4\Obj\zf_components_14936052685886095442.dir
[41] = E:\Documents\GitHub\smartcar\smartcar\iar\Debug_m4\Obj\zf_device_6570275422786408770.dir
[42] = E:\Documents\GitHub\smartcar\smartcar\iar\Debug_m4\Obj\zf_driver_11922370083829174090.dir
[43] = dl7M_tln.a
[44] = m7M_tls.a
[45] = rt7M_tl.a
[46] = shb_l.a
[47] = zf_device_config.a

  23'878 bytes of readonly  code memory
   3'053 bytes of readonly  data memory
  82'566 bytes of readwrite data memory (+ 22'560 absolute)

Errors: none
Warnings: none
