###############################################################################
#
# IAR ELF Linker V9.50.2.385/W64 for ARM                  11/Feb/2025  10:43:20
# Copyright 2007-2024 IAR Systems AB.
#
#    Output file  =
#        E:\Documents\GitHub\smartcar\smartcar\iar\Debug_m4\Exe\cyt2bl3.out
#    Map file     =
#        E:\Documents\GitHub\smartcar\smartcar\iar\Debug_m4\List\cyt2bl3.map
#    Command line =
#        -f
#        E:\Documents\GitHub\smartcar\smartcar\iar\Debug_m4\Exe\cyt2bl3.out.rsp
#        (E:\Documents\GitHub\smartcar\smartcar\iar\Debug_m4\Obj\code_17896468042025673432.dir\camera.o
#        E:\Documents\GitHub\smartcar\smartcar\iar\Debug_m4\Obj\user_8514941877209965082.dir\cm4_isr.o
#        E:\Documents\GitHub\smartcar\smartcar\iar\Debug_m4\Obj\adc_11722776235721520015.dir\cy_adc.o
#        E:\Documents\GitHub\smartcar\smartcar\iar\Debug_m4\Obj\button_4990804375159372270.dir\cy_button.o
#        E:\Documents\GitHub\smartcar\smartcar\iar\Debug_m4\Obj\canfd_1800690984773873875.dir\cy_canfd.o
#        E:\Documents\GitHub\smartcar\smartcar\iar\Debug_m4\Obj\cpu_15938736945165268644.dir\cy_cpu.o
#        E:\Documents\GitHub\smartcar\smartcar\iar\Debug_m4\Obj\crypto_1190170608956581615.dir\cy_crypto_config.o
#        E:\Documents\GitHub\smartcar\smartcar\iar\Debug_m4\Obj\evtgen_3404189088603873129.dir\cy_evtgen.o
#        E:\Documents\GitHub\smartcar\smartcar\iar\Debug_m4\Obj\flash_8529866181315662935.dir\cy_flash.o
#        E:\Documents\GitHub\smartcar\smartcar\iar\Debug_m4\Obj\gpio_3999404635324069351.dir\cy_gpio.o
#        E:\Documents\GitHub\smartcar\smartcar\iar\Debug_m4\Obj\rev_b_6162237342861132223.dir\cy_interrupt_map.o
#        E:\Documents\GitHub\smartcar\smartcar\iar\Debug_m4\Obj\ipc_10145506163450686023.dir\cy_ipc_drv.o
#        E:\Documents\GitHub\smartcar\smartcar\iar\Debug_m4\Obj\ipc_10145506163450686023.dir\cy_ipc_pipe.o
#        E:\Documents\GitHub\smartcar\smartcar\iar\Debug_m4\Obj\ipc_10145506163450686023.dir\cy_ipc_sema.o
#        E:\Documents\GitHub\smartcar\smartcar\iar\Debug_m4\Obj\lin_18429031207028094880.dir\cy_lin.o
#        E:\Documents\GitHub\smartcar\smartcar\iar\Debug_m4\Obj\lvd_6353935867039560245.dir\cy_lvd.o
#        E:\Documents\GitHub\smartcar\smartcar\iar\Debug_m4\Obj\mcwdt_4052485907822033969.dir\cy_mcwdt.o
#        E:\Documents\GitHub\smartcar\smartcar\iar\Debug_m4\Obj\dma_12106025507578611576.dir\cy_mdma.o
#        E:\Documents\GitHub\smartcar\smartcar\iar\Debug_m4\Obj\mpu_5663187252346826382.dir\cy_mpu.o
#        E:\Documents\GitHub\smartcar\smartcar\iar\Debug_m4\Obj\flash_864493325053435817.dir\cy_mw_flash.o
#        E:\Documents\GitHub\smartcar\smartcar\iar\Debug_m4\Obj\dma_12106025507578611576.dir\cy_pdma.o
#        E:\Documents\GitHub\smartcar\smartcar\iar\Debug_m4\Obj\prot_10722960861768657883.dir\cy_prot.o
#        E:\Documents\GitHub\smartcar\smartcar\iar\Debug_m4\Obj\scb_15490842639181808494.dir\cy_scb_common.o
#        E:\Documents\GitHub\smartcar\smartcar\iar\Debug_m4\Obj\scb_15490842639181808494.dir\cy_scb_ezi2c.o
#        E:\Documents\GitHub\smartcar\smartcar\iar\Debug_m4\Obj\scb_15490842639181808494.dir\cy_scb_i2c.o
#        E:\Documents\GitHub\smartcar\smartcar\iar\Debug_m4\Obj\scb_15490842639181808494.dir\cy_scb_spi.o
#        E:\Documents\GitHub\smartcar\smartcar\iar\Debug_m4\Obj\scb_15490842639181808494.dir\cy_scb_uart.o
#        E:\Documents\GitHub\smartcar\smartcar\iar\Debug_m4\Obj\semihosting_143864889731838620.dir\cy_semihosting.o
#        E:\Documents\GitHub\smartcar\smartcar\iar\Debug_m4\Obj\smartio_5451710003740070188.dir\cy_smartio.o
#        E:\Documents\GitHub\smartcar\smartcar\iar\Debug_m4\Obj\smif_427648126384146252.dir\cy_smif.o
#        E:\Documents\GitHub\smartcar\smartcar\iar\Debug_m4\Obj\smif_427648126384146252.dir\cy_smif_memslot.o
#        E:\Documents\GitHub\smartcar\smartcar\iar\Debug_m4\Obj\smif_427648126384146252.dir\cy_smif_ver_specific.o
#        E:\Documents\GitHub\smartcar\smartcar\iar\Debug_m4\Obj\srom_13018798572330080582.dir\cy_srom.o
#        E:\Documents\GitHub\smartcar\smartcar\iar\Debug_m4\Obj\sw_timer_4215635015939382130.dir\cy_sw_tmr.o
#        E:\Documents\GitHub\smartcar\smartcar\iar\Debug_m4\Obj\sysclk_16149231235676103872.dir\cy_sysclk.o
#        E:\Documents\GitHub\smartcar\smartcar\iar\Debug_m4\Obj\sysflt_12293435975120599261.dir\cy_sysflt.o
#        E:\Documents\GitHub\smartcar\smartcar\iar\Debug_m4\Obj\sysint_7435970359207984181.dir\cy_sysint.o
#        E:\Documents\GitHub\smartcar\smartcar\iar\Debug_m4\Obj\syslib_16330585751512546975.dir\cy_syslib.o
#        E:\Documents\GitHub\smartcar\smartcar\iar\Debug_m4\Obj\syslib_16330585751512546975.dir\cy_syslib_iar.o
#        E:\Documents\GitHub\smartcar\smartcar\iar\Debug_m4\Obj\syspm_10887939769544754770.dir\cy_syspm.o
#        E:\Documents\GitHub\smartcar\smartcar\iar\Debug_m4\Obj\sysreset_14586141425677365288.dir\cy_sysreset.o
#        E:\Documents\GitHub\smartcar\smartcar\iar\Debug_m4\Obj\sysrtc_10747768817563771611.dir\cy_sysrtc.o
#        E:\Documents\GitHub\smartcar\smartcar\iar\Debug_m4\Obj\systick_16016591671695740695.dir\cy_systick.o
#        E:\Documents\GitHub\smartcar\smartcar\iar\Debug_m4\Obj\syswdt_9118657615806274156.dir\cy_syswdt.o
#        E:\Documents\GitHub\smartcar\smartcar\iar\Debug_m4\Obj\tcpwm_422923530147891246.dir\cy_tcpwm.o
#        E:\Documents\GitHub\smartcar\smartcar\iar\Debug_m4\Obj\tcpwm_422923530147891246.dir\cy_tcpwm_counter.o
#        E:\Documents\GitHub\smartcar\smartcar\iar\Debug_m4\Obj\tcpwm_422923530147891246.dir\cy_tcpwm_pwm.o
#        E:\Documents\GitHub\smartcar\smartcar\iar\Debug_m4\Obj\tcpwm_422923530147891246.dir\cy_tcpwm_quaddec.o
#        E:\Documents\GitHub\smartcar\smartcar\iar\Debug_m4\Obj\tcpwm_422923530147891246.dir\cy_tcpwm_sr.o
#        E:\Documents\GitHub\smartcar\smartcar\iar\Debug_m4\Obj\trigmux_9729677290734583340.dir\cy_trigmux.o
#        E:\Documents\GitHub\smartcar\smartcar\iar\Debug_m4\Obj\user_8514941877209965082.dir\main_cm4.o
#        E:\Documents\GitHub\smartcar\smartcar\iar\Debug_m4\Obj\code_17896468042025673432.dir\menu.o
#        E:\Documents\GitHub\smartcar\smartcar\iar\Debug_m4\Obj\code_17896468042025673432.dir\pid.o
#        E:\Documents\GitHub\smartcar\smartcar\iar\Debug_m4\Obj\zf_components_14936052685886095442.dir\seekfree_assistant.o
#        E:\Documents\GitHub\smartcar\smartcar\iar\Debug_m4\Obj\zf_components_14936052685886095442.dir\seekfree_assistant_interface.o
#        E:\Documents\GitHub\smartcar\smartcar\iar\Debug_m4\Obj\startup_479057977785470282.dir\startup.o
#        E:\Documents\GitHub\smartcar\smartcar\iar\Debug_m4\Obj\startup_479057977785470282.dir\startup_cm4.o
#        E:\Documents\GitHub\smartcar\smartcar\iar\Debug_m4\Obj\rev_b_4986922561640112550.dir\system_tviibe4m_cm4.o
#        E:\Documents\GitHub\smartcar\smartcar\iar\Debug_m4\Obj\zf_common_1201165462030747823.dir\zf_common_clock.o
#        E:\Documents\GitHub\smartcar\smartcar\iar\Debug_m4\Obj\zf_common_1201165462030747823.dir\zf_common_debug.o
#        E:\Documents\GitHub\smartcar\smartcar\iar\Debug_m4\Obj\zf_common_1201165462030747823.dir\zf_common_fifo.o
#        E:\Documents\GitHub\smartcar\smartcar\iar\Debug_m4\Obj\zf_common_1201165462030747823.dir\zf_common_font.o
#        E:\Documents\GitHub\smartcar\smartcar\iar\Debug_m4\Obj\zf_common_1201165462030747823.dir\zf_common_function.o
#        E:\Documents\GitHub\smartcar\smartcar\iar\Debug_m4\Obj\zf_common_1201165462030747823.dir\zf_common_interrupt.o
#        E:\Documents\GitHub\smartcar\smartcar\iar\Debug_m4\Obj\zf_device_6570275422786408770.dir\zf_device_ble6a20.o
#        E:\Documents\GitHub\smartcar\smartcar\iar\Debug_m4\Obj\zf_device_6570275422786408770.dir\zf_device_dl1a.o
#        E:\Documents\GitHub\smartcar\smartcar\iar\Debug_m4\Obj\zf_device_6570275422786408770.dir\zf_device_dl1b.o
#        E:\Documents\GitHub\smartcar\smartcar\iar\Debug_m4\Obj\zf_device_6570275422786408770.dir\zf_device_gnss.o
#        E:\Documents\GitHub\smartcar\smartcar\iar\Debug_m4\Obj\zf_device_6570275422786408770.dir\zf_device_icm20602.o
#        E:\Documents\GitHub\smartcar\smartcar\iar\Debug_m4\Obj\zf_device_6570275422786408770.dir\zf_device_imu660ra.o
#        E:\Documents\GitHub\smartcar\smartcar\iar\Debug_m4\Obj\zf_device_6570275422786408770.dir\zf_device_imu963ra.o
#        E:\Documents\GitHub\smartcar\smartcar\iar\Debug_m4\Obj\zf_device_6570275422786408770.dir\zf_device_ips114.o
#        E:\Documents\GitHub\smartcar\smartcar\iar\Debug_m4\Obj\zf_device_6570275422786408770.dir\zf_device_ips200.o
#        E:\Documents\GitHub\smartcar\smartcar\iar\Debug_m4\Obj\zf_device_6570275422786408770.dir\zf_device_key.o
#        E:\Documents\GitHub\smartcar\smartcar\iar\Debug_m4\Obj\zf_device_6570275422786408770.dir\zf_device_menc15a.o
#        E:\Documents\GitHub\smartcar\smartcar\iar\Debug_m4\Obj\zf_device_6570275422786408770.dir\zf_device_mt9v03x.o
#        E:\Documents\GitHub\smartcar\smartcar\iar\Debug_m4\Obj\zf_device_6570275422786408770.dir\zf_device_oled.o
#        E:\Documents\GitHub\smartcar\smartcar\iar\Debug_m4\Obj\zf_device_6570275422786408770.dir\zf_device_tft180.o
#        E:\Documents\GitHub\smartcar\smartcar\iar\Debug_m4\Obj\zf_device_6570275422786408770.dir\zf_device_tsl1401.o
#        E:\Documents\GitHub\smartcar\smartcar\iar\Debug_m4\Obj\zf_device_6570275422786408770.dir\zf_device_type.o
#        E:\Documents\GitHub\smartcar\smartcar\iar\Debug_m4\Obj\zf_device_6570275422786408770.dir\zf_device_uart_receiver.o
#        E:\Documents\GitHub\smartcar\smartcar\iar\Debug_m4\Obj\zf_device_6570275422786408770.dir\zf_device_wifi_uart.o
#        E:\Documents\GitHub\smartcar\smartcar\iar\Debug_m4\Obj\zf_device_6570275422786408770.dir\zf_device_wireless_uart.o
#        E:\Documents\GitHub\smartcar\smartcar\iar\Debug_m4\Obj\zf_driver_11922370083829174090.dir\zf_driver_adc.o
#        E:\Documents\GitHub\smartcar\smartcar\iar\Debug_m4\Obj\zf_driver_11922370083829174090.dir\zf_driver_delay.o
#        E:\Documents\GitHub\smartcar\smartcar\iar\Debug_m4\Obj\zf_driver_11922370083829174090.dir\zf_driver_encoder.o
#        E:\Documents\GitHub\smartcar\smartcar\iar\Debug_m4\Obj\zf_driver_11922370083829174090.dir\zf_driver_exti.o
#        E:\Documents\GitHub\smartcar\smartcar\iar\Debug_m4\Obj\zf_driver_11922370083829174090.dir\zf_driver_flash.o
#        E:\Documents\GitHub\smartcar\smartcar\iar\Debug_m4\Obj\zf_driver_11922370083829174090.dir\zf_driver_gpio.o
#        E:\Documents\GitHub\smartcar\smartcar\iar\Debug_m4\Obj\zf_driver_11922370083829174090.dir\zf_driver_pit.o
#        E:\Documents\GitHub\smartcar\smartcar\iar\Debug_m4\Obj\zf_driver_11922370083829174090.dir\zf_driver_pwm.o
#        E:\Documents\GitHub\smartcar\smartcar\iar\Debug_m4\Obj\zf_driver_11922370083829174090.dir\zf_driver_soft_iic.o
#        E:\Documents\GitHub\smartcar\smartcar\iar\Debug_m4\Obj\zf_driver_11922370083829174090.dir\zf_driver_soft_spi.o
#        E:\Documents\GitHub\smartcar\smartcar\iar\Debug_m4\Obj\zf_driver_11922370083829174090.dir\zf_driver_spi.o
#        E:\Documents\GitHub\smartcar\smartcar\iar\Debug_m4\Obj\zf_driver_11922370083829174090.dir\zf_driver_timer.o
#        E:\Documents\GitHub\smartcar\smartcar\iar\Debug_m4\Obj\zf_driver_11922370083829174090.dir\zf_driver_uart.o
#        --no_out_extension -o
#        E:\Documents\GitHub\smartcar\smartcar\iar\Debug_m4\Exe\cyt2bl3.out
#        --config_def _CORE_cm4_=0 --config_def _LINK_flash_=0 --map
#        E:\Documents\GitHub\smartcar\smartcar\iar\Debug_m4\List\cyt2bl3.map
#        --config
#        E:\Documents\GitHub\smartcar\smartcar\iar\project_config\..\icf\linker_directives_tviibe4m.icf
#        --semihosting
#        E:\Documents\GitHub\smartcar\smartcar\iar\project_config\..\..\..\libraries\zf_device\zf_device_config.a
#        --entry __iar_program_start --vfe --text_out locale --cpu=Cortex-M4
#        --fpu=VFPv4_sp) --dependencies=n
#        E:\Documents\GitHub\smartcar\smartcar\iar\Debug_m4\Exe\cyt2bl3.out.iar_deps
#
###############################################################################

*******************************************************************************
*** RUNTIME MODEL ATTRIBUTES
***

CppFlavor       = *
__CPP_Runtime   = 1
__SystemLibrary = DLib
__dlib_version  = 6


*******************************************************************************
*** HEAP SELECTION
***

The basic heap was selected because --advanced_heap
was not specified and the application did not appear to
be primarily optimized for speed.


*******************************************************************************
*** PLACEMENT SUMMARY
***

"A0":  place at start of [from 0x1008'0000 to 0x1040'ffff] { section .intvec };
"P1":  place in [from 0x1008'0000 to 0x1040'ffff] { ro };
"P2":  place in [from 0x802'0000 to 0x807'ffff] { rw };
define block HEAP with size = 1K, alignment = 8 { };
define block CSTACK with size = 8K, alignment = 8 { };
define block HEAP_STACK { block HEAP, last block CSTACK };
"A1":  place at end of [from 0x802'0000 to 0x807'ffff] { block HEAP_STACK };
do not initialize { section .intvec_ram };
initialize by copy { rw };

No sections matched the following patterns:

  ro section .sflash_app_prot  in "P6"
  ro section .sflash_nar       in "P4"
  ro section .sflash_pkey      in "P5"
  ro section .sflash_toc2      in "P7"
  ro section .sflash_uf_rows   in "P3"
  ro section .work_flash       in "P8"
  section .global_ram_data     in "P9"


  Section            Kind         Address  Aligment      Size  Object
  -------            ----         -------  --------      ----  ------
Absolute sections:                                     0x5820
  .noinit            uninit    0x802'0658              0x5820  zf_device_mt9v03x.o [41]
                             - 0x802'5e78              0x5820

"P2", part 1 of 3:                                      0x664
  P2-1                         0x802'5e78               0x664  <Init block>
    .data            inited    0x802'5e78         4      0x10  camera.o [4]
    .data            inited    0x802'5e88         4      0x10  camera.o [4]
    .data            inited    0x802'5e98         4     0x5fc  cy_interrupt_map.o [19]
    .data            inited    0x802'6494         4       0x4  cy_interrupt_map.o [19]
    .data            inited    0x802'6498         4       0x4  zf_driver_encoder.o [42]
    .data            inited    0x802'649c         4      0x10  zf_driver_encoder.o [42]
    .data            inited    0x802'64ac         4      0x10  zf_driver_spi.o [42]
    .data            inited    0x802'64bc         4      0x14  zf_driver_uart.o [42]
    .data            inited    0x802'64d0         2       0x2  zf_device_tft180.o [41]
    .data            inited    0x802'64d2         2       0x2  zf_device_tft180.o [41]
    .data            inited    0x802'64d4         2       0x2  zf_device_tft180.o [41]
    .data            inited    0x802'64d6         2       0x2  zf_device_tft180.o [41]
    .data            inited    0x802'64d8                 0x1  zf_common_debug.o [39]
    .data            inited    0x802'64d9                 0x1  zf_device_tft180.o [41]
    .data            inited    0x802'64da                 0x1  zf_driver_delay.o [42]
    .data            inited    0x802'64db                 0x1  zf_driver_delay.o [42]
                             - 0x802'64dc               0x664

"P2", part 2 of 3:                                   0x1'18f4
  .bss               zero      0x802'64dc         4    0x5820  camera.o [4]
  .bss               zero      0x802'bcfc         4    0x5820  camera.o [4]
  .bss               zero      0x803'151c         4    0x5820  zf_device_mt9v03x.o [41]
  .bss               zero      0x803'6d3c         4     0x4b0  camera.o [4]
  .bss               zero      0x803'71ec         4     0x4b0  camera.o [4]
  .bss               zero      0x803'769c         4     0x258  camera.o [4]
  .bss               zero      0x803'78f4         4     0x258  camera.o [4]
  .bss               zero      0x803'7b4c         4      0x78  camera.o [4]
  .bss               zero      0x803'7bc4         4      0x78  camera.o [4]
  .bss               zero      0x803'7c3c         4      0x78  camera.o [4]
  .bss               zero      0x803'7cb4         4      0x70  cy_syslib.o [30]
  .bss               zero      0x803'7d24         4      0x18  cy_sysclk.o [27]
  .bss               zero      0x803'7d3c         4      0x18  cy_syslib.o [30]
  .bss               zero      0x803'7d54         4      0x14  zf_common_debug.o [39]
  .bss               zero      0x803'7d68         4      0x10  zf_device_config_mt9v03x.o [47]
  .bss               zero      0x803'7d78         4       0x4  camera.o [4]
  .bss               zero      0x803'7d7c         4       0x4  camera.o [4]
  .bss               zero      0x803'7d80         4       0x4  cy_syslib.o [30]
  .bss               zero      0x803'7d84         4       0x4  system_tviibe4m_cm4.o [18]
  .bss               zero      0x803'7d88         4       0x4  system_tviibe4m_cm4.o [18]
  .bss               zero      0x803'7d8c         4       0x4  system_tviibe4m_cm4.o [18]
  .bss               zero      0x803'7d90         4       0x4  system_tviibe4m_cm4.o [18]
  .bss               zero      0x803'7d94         4       0x4  system_tviibe4m_cm4.o [18]
  .bss               zero      0x803'7d98         4       0x4  zf_common_clock.o [39]
  .bss               zero      0x803'7d9c         4       0x4  zf_common_interrupt.o [39]
  .bss               zero      0x803'7da0         4       0x4  zf_driver_encoder.o [42]
  .bss               zero      0x803'7da4         4       0x4  zf_driver_spi.o [42]
  .bss               zero      0x803'7da8         4       0x4  zf_driver_spi.o [42]
  .bss               zero      0x803'7dac         4       0x4  zf_device_config_mt9v03x.o [47]
  .bss               zero      0x803'7db0         4       0x4  zf_device_config_mt9v03x.o [47]
  .bss               zero      0x803'7db4         4       0x4  zf_device_config_mt9v03x.o [47]
  .bss               zero      0x803'7db8         4       0x4  zf_device_config_mt9v03x.o [47]
  .bss               zero      0x803'7dbc         4       0x4  zf_device_config_mt9v03x.o [47]
  .bss               zero      0x803'7dc0         2       0x2  camera.o [4]
  .bss               zero      0x803'7dc2         2       0x2  camera.o [4]
  .bss               zero      0x803'7dc4         2       0x2  camera.o [4]
  .bss               zero      0x803'7dc6         2       0x2  camera.o [4]
  .bss               zero      0x803'7dc8                 0x1  camera.o [4]
  .bss               zero      0x803'7dc9                 0x1  cy_sysclk.o [27]
  .bss               zero      0x803'7dca                 0x1  zf_common_debug.o [39]
  .bss               zero      0x803'7dcb                 0x1  zf_common_debug.o [39]
  .bss               zero      0x803'7dcc                 0x1  zf_device_mt9v03x.o [41]
  .bss               zero      0x803'7dcd                 0x1  zf_device_tft180.o [41]
                             - 0x803'7dce            0x1'18f2

"P2", part 3 of 3:                                       0x80
  .intvec_ram        uninit    0x803'8000      1024      0x80  startup_cm4.o [25]
                             - 0x803'8080                0x80

"A1":                                                  0x2000
  HEAP_STACK                   0x807'e000              0x2000  <Block>
    CSTACK                     0x807'e000         8    0x2000  <Block>
      CSTACK         uninit    0x807'e000              0x2000  <Block tail>
                             - 0x808'0000              0x2000

"A0":                                                    0x80
  .intvec            ro code  0x1008'0000      1024      0x80  startup_cm4.o [25]
                            - 0x1008'0080                0x80

"P1":                                                  0x7553
  .text              ro code  0x1008'0080         4     0xecc  camera.o [4]
  .text              ro code  0x1008'0f4c         4      0x66  ABImemset.o [45]
  .text              ro code  0x1008'0fb2         2      0x7e  lz77_init_single.o [45]
  .text              ro code  0x1008'1030         4      0x1c  U32ToDbl.o [44]
  .text              ro code  0x1008'104c         4     0x246  DblDiv.o [44]
  .text              ro code  0x1008'1292         2       0xa  xsprout.o [43]
  .text              ro code  0x1008'129c         4      0x22  S32ToDbl.o [44]
  .text              ro code  0x1008'12c0         4     0x1aa  DblMul.o [44]
  .text              ro code  0x1008'146c         4     0x25e  DblAddSub.o [44]
  .text              ro code  0x1008'16cc         4      0x34  DblCmpLe.o [44]
  .text              ro code  0x1008'1700         4     0x988  zf_device_tft180.o [41]
  .text              ro code  0x1008'2088         4      0x48  FltToDbl.o [44]
  .text              ro code  0x1008'20d0         4      0x68  DblToFlt.o [44]
  .text              ro code  0x1008'2138         2      0x30  pid.o [4]
  .text              ro code  0x1008'2168         4     0x968  zf_driver_spi.o [42]
  .text              ro code  0x1008'2ad0         4     0x3d0  zf_common_debug.o [39]
  .text              ro code  0x1008'2ea0         4     0x18c  zf_driver_gpio.o [42]
  .text              ro code  0x1008'302c         4     0x240  zf_driver_delay.o [42]
  .text              ro code  0x1008'326c         4     0x684  zf_driver_pwm.o [42]
  .text              ro code  0x1008'38f0         4     0x230  I64DivMod.o [45]
  .text              ro code  0x1008'3b20         4     0x198  cy_gpio.o [11]
  .text              ro code  0x1008'3cb8         4     0x1e0  cy_scb_spi.o [20]
  .text              ro code  0x1008'3e98         4      0x8c  zf_driver_uart.o [42]
  .text              ro code  0x1008'3f24         4      0x36  strlen.o [45]
  .text              ro code  0x1008'3f5c         4      0x40  sprintf.o [43]
  .text              ro code  0x1008'3f9c         4      0xe2  zf_common_interrupt.o [39]
  .text              ro code  0x1008'4080         4     0x1b8  cy_tcpwm_counter.o [36]
  .text              ro code  0x1008'4238         2       0xe  cy_tcpwm.o [36]
  .text              ro code  0x1008'4248         4     0x202  cy_tcpwm_pwm.o [36]
  .text              ro code  0x1008'444c         4       0x2  I64DivZer.o [45]
  .text              ro code  0x1008'444e         2     0x138  xprintftiny.o [43]
  .text              ro code  0x1008'4588         4      0x58  cy_sysint.o [29]
  .text              ro code  0x1008'45e0         4     0x860  zf_device_config_mt9v03x.o [47]
  .text              ro code  0x1008'4e40         4     0x630  zf_driver_soft_iic.o [42]
  .text              ro code  0x1008'5470         4     0x678  cy_sysclk.o [27]
  .text              ro code  0x1008'5ae8         4      0x70  strncpy.o [45]
  .text              ro code  0x1008'5b58         4      0xa8  cy_syslib.o [30]
  .text              ro code  0x1008'5c00         4      0xa6  ABImemcpy.o [45]
  .text              ro code  0x1008'5ca6         2       0x2  cy_syslib.o [30]
  .rodata            const    0x1008'5ca8         4     0x5f0  zf_common_font.o [39]
  .text              ro code  0x1008'6298         4     0x314  zf_driver_encoder.o [42]
  .text              ro code  0x1008'65ac         4     0x24c  zf_device_mt9v03x.o [41]
  .rodata            const    0x1008'67f8         4     0x228  zf_common_font.o [39]
  .text              ro code  0x1008'6a20         4     0x198  cy_interrupt_map.o [19]
  .text              ro code  0x1008'6bb8         4     0x170  startup.o [25]
  .text              ro code  0x1008'6d28         4      0xf0  system_tviibe4m_cm4.o [18]
  .text              ro code  0x1008'6e18         4       0x8  startup_cm4.o [25]
  .text              ro code  0x1008'6e20         4       0x6  startup_cm4.o [25]
  .text              ro code  0x1008'6e28         4      0xb0  main_cm4.o [38]
  .text              ro code  0x1008'6ed8         4      0x1c  zf_common_clock.o [39]
  .rodata            const    0x1008'6ef4         4      0x58  system_tviibe4m_cm4.o [18]
  .rodata            const    0x1008'6f4c         4      0x54  cy_sysclk.o [27]
  .rodata            const    0x1008'6fa0         4      0x54  cy_sysclk.o [27]
  .rodata            const    0x1008'6ff4         4      0x48  zf_driver_encoder.o [42]
  .rodata            const    0x1008'703c         4      0x48  zf_driver_soft_iic.o [42]
  .rodata            const    0x1008'7084         4      0x44  zf_device_tft180.o [41]
  .rodata            const    0x1008'70c8         4      0x44  zf_driver_pwm.o [42]
  .rodata            const    0x1008'710c         4      0x44  zf_driver_spi.o [42]
  .text              ro code  0x1008'7150         4      0x44  startup_cm4.o [25]
  .text              ro code  0x1008'7194         2      0x38  zero_init3.o [45]
  .text              ro code  0x1008'71cc         4      0x2a  data_init.o [45]
  .rodata            const    0x1008'71f8         4      0x28  zf_device_mt9v03x.o [41]
  .text              ro code  0x1008'7220         4      0x22  fpinit_M.o [44]
  .iar.init_table    const    0x1008'7244         4      0x20  - Linker created -
  .text              ro code  0x1008'7264         4      0x20  startup_cm4.o [25]
  .text              ro code  0x1008'7290        16      0x1e  cy_syslib_iar.o [30]
  .text              ro code  0x1008'72b0         4      0x1e  cmain.o [45]
  .text              ro code  0x1008'72d0         4       0x4  startup_cm4.o [25]
  .text              ro code  0x1008'72d4         2       0x4  exit.o [43]
  .text              ro code  0x1008'72d8         4       0xa  cexit.o [45]
  .text              ro code  0x1008'72e4         4      0x14  exit.o [46]
  .rodata            const    0x1008'72f8         4      0x1c  zf_common_debug.o [39]
  .text              ro code  0x1008'7314         4      0x1c  startup_cm4.o [25]
  .text              ro code  0x1008'7330         4      0x1c  cstartup_M.o [45]
  .rodata            const    0x1008'734c         4      0x18  system_tviibe4m_cm4.o [18]
  .rodata            const    0x1008'7364         4      0x18  zf_common_debug.o [39]
  .rodata            const    0x1008'737c         4      0x10  main_cm4.o [38]
  .rodata            const    0x1008'738c         4      0x10  main_cm4.o [38]
  .rodata            const    0x1008'739c         4      0x10  main_cm4.o [38]
  .rodata            const    0x1008'73ac         4      0x10  zf_common_debug.o [39]
  .rodata            const    0x1008'73bc         4      0x10  zf_common_debug.o [39]
  .rodata            const    0x1008'73cc         4       0xc  zf_common_debug.o [39]
  .rodata            const    0x1008'73d8         4       0xc  zf_common_debug.o [39]
  .text              ro code  0x1008'73e4         2       0xc  cy_syslib.o [30]
  .rodata            const    0x1008'73f0         4       0x8  startup.o [25]
  .rodata            const    0x1008'73f8         4       0x4  cy_interrupt_map.o [19]
  .rodata            const    0x1008'73fc         4       0x4  cy_interrupt_map.o [19]
  .rodata            const    0x1008'7400         4       0x4  cy_interrupt_map.o [19]
  .rodata            const    0x1008'7404         4       0x4  cy_interrupt_map.o [19]
  .rodata            const    0x1008'7408         4       0x4  cy_interrupt_map.o [19]
  .rodata            const    0x1008'740c         4       0x4  cy_interrupt_map.o [19]
  .rodata            const    0x1008'7410         4       0x4  cy_interrupt_map.o [19]
  .rodata            const    0x1008'7414         4       0x4  cy_interrupt_map.o [19]
  .rodata            const    0x1008'7418         4       0x4  cy_scb_spi.o [20]
  .rodata            const    0x1008'741c         4       0x4  cy_scb_spi.o [20]
  .rodata            const    0x1008'7420         4       0x4  cy_scb_spi.o [20]
  .rodata            const    0x1008'7424         4       0x4  cy_scb_spi.o [20]
  .rodata            const    0x1008'7428         4       0x4  cy_sysint.o [29]
  .rodata            const    0x1008'742c         4       0x4  cy_tcpwm_counter.o [36]
  .rodata            const    0x1008'7430         4       0x4  cy_tcpwm_counter.o [36]
  .rodata            const    0x1008'7434         4       0x4  cy_tcpwm_counter.o [36]
  .rodata            const    0x1008'7438         4       0x4  cy_tcpwm_counter.o [36]
  .rodata            const    0x1008'743c         4       0x4  cy_tcpwm_counter.o [36]
  .rodata            const    0x1008'7440         4       0x4  cy_tcpwm_pwm.o [36]
  .rodata            const    0x1008'7444         4       0x4  cy_tcpwm_pwm.o [36]
  .rodata            const    0x1008'7448         4       0x4  cy_tcpwm_pwm.o [36]
  .rodata            const    0x1008'744c         4       0x4  cy_tcpwm_pwm.o [36]
  .rodata            const    0x1008'7450         4       0x4  cy_tcpwm_pwm.o [36]
  .rodata            const    0x1008'7454         4       0x4  cy_tcpwm_pwm.o [36]
  .rodata            const    0x1008'7458         4       0x4  cy_tcpwm_pwm.o [36]
  .text              ro code  0x1008'745c         4       0x4  startup_cm4.o [25]
  .text              ro code  0x1008'7460         4       0x4  startup_cm4.o [25]
  .text              ro code  0x1008'7464         4       0x4  startup_cm4.o [25]
  .text              ro code  0x1008'7468         4       0x4  startup_cm4.o [25]
  .text              ro code  0x1008'746c         4       0x4  startup_cm4.o [25]
  .text              ro code  0x1008'7470         4       0x4  startup_cm4.o [25]
  .text              ro code  0x1008'7474         4       0x4  startup_cm4.o [25]
  .text              ro code  0x1008'7478         4       0x4  startup_cm4.o [25]
  .text              ro code  0x1008'747c         4       0x4  startup_cm4.o [25]
  .text              ro code  0x1008'7480         4       0x4  startup_cm4.o [25]
  .text              ro code  0x1008'7484         4       0x4  startup_cm4.o [25]
  .text              ro code  0x1008'7488         4       0x4  startup_cm4.o [25]
  .text              ro code  0x1008'748c         4       0x4  startup_cm4.o [25]
  .text              ro code  0x1008'7490         4       0x4  startup_cm4.o [25]
  .text              ro code  0x1008'7494         4       0x4  startup_cm4.o [25]
  .rodata            const    0x1008'7498                 0x0  zero_init3.o [45]
  .rodata            const    0x1008'7498                 0x0  lz77_init_single.o [45]
  Initializer bytes  const    0x1008'7498                0x65  <for P2-1>
                            - 0x1008'74fd              0x747d

Unused ranges:

         From           To       Size
         ----           --       ----
   0x802'0000   0x802'0657      0x658
   0x803'7dd0   0x803'7fff      0x230
   0x803'8080   0x807'dfff   0x4'5f80
  0x1008'75d3  0x1040'ffff  0x38'8a2d


*******************************************************************************
*** INIT TABLE
***

          Address      Size
          -------      ----
Zero (__iar_zero_init3)
    1 destination range, total size 0x1'18f2:
           0x802'64dc  0x1'18f2

Copy/lz77 (__iar_lz77_init_single3)
    1 source range, total size 0x65 (6% of destination):
          0x1008'7498      0x65
    1 destination range, total size 0x664:
           0x802'5e78     0x664



*******************************************************************************
*** MODULE SUMMARY
***

    Module                      ro code  ro data  rw data  rw data
                                                            (abs)
    ------                      -------  -------  -------  -------
command line/config:
    --------------------------------------------------------------
    Total:

E:\Documents\GitHub\smartcar\smartcar\iar\Debug_m4\Obj\adc_11722776235721520015.dir: [1]
    --------------------------------------------------------------
    Total:

E:\Documents\GitHub\smartcar\smartcar\iar\Debug_m4\Obj\button_4990804375159372270.dir: [2]
    --------------------------------------------------------------
    Total:

E:\Documents\GitHub\smartcar\smartcar\iar\Debug_m4\Obj\canfd_1800690984773873875.dir: [3]
    --------------------------------------------------------------
    Total:

E:\Documents\GitHub\smartcar\smartcar\iar\Debug_m4\Obj\code_17896468042025673432.dir: [4]
    camera.o                      3'788        1   49'129
    pid.o                            48
    --------------------------------------------------------------
    Total:                        3'836        1   49'129

E:\Documents\GitHub\smartcar\smartcar\iar\Debug_m4\Obj\cpu_15938736945165268644.dir: [5]
    --------------------------------------------------------------
    Total:

E:\Documents\GitHub\smartcar\smartcar\iar\Debug_m4\Obj\crypto_1190170608956581615.dir: [6]
    --------------------------------------------------------------
    Total:

E:\Documents\GitHub\smartcar\smartcar\iar\Debug_m4\Obj\dma_12106025507578611576.dir: [7]
    --------------------------------------------------------------
    Total:

E:\Documents\GitHub\smartcar\smartcar\iar\Debug_m4\Obj\evtgen_3404189088603873129.dir: [8]
    --------------------------------------------------------------
    Total:

E:\Documents\GitHub\smartcar\smartcar\iar\Debug_m4\Obj\flash_8529866181315662935.dir: [9]
    --------------------------------------------------------------
    Total:

E:\Documents\GitHub\smartcar\smartcar\iar\Debug_m4\Obj\flash_864493325053435817.dir: [10]
    --------------------------------------------------------------
    Total:

E:\Documents\GitHub\smartcar\smartcar\iar\Debug_m4\Obj\gpio_3999404635324069351.dir: [11]
    cy_gpio.o                       408
    --------------------------------------------------------------
    Total:                          408

E:\Documents\GitHub\smartcar\smartcar\iar\Debug_m4\Obj\ipc_10145506163450686023.dir: [12]
    --------------------------------------------------------------
    Total:

E:\Documents\GitHub\smartcar\smartcar\iar\Debug_m4\Obj\lin_18429031207028094880.dir: [13]
    --------------------------------------------------------------
    Total:

E:\Documents\GitHub\smartcar\smartcar\iar\Debug_m4\Obj\lvd_6353935867039560245.dir: [14]
    --------------------------------------------------------------
    Total:

E:\Documents\GitHub\smartcar\smartcar\iar\Debug_m4\Obj\mcwdt_4052485907822033969.dir: [15]
    --------------------------------------------------------------
    Total:

E:\Documents\GitHub\smartcar\smartcar\iar\Debug_m4\Obj\mpu_5663187252346826382.dir: [16]
    --------------------------------------------------------------
    Total:

E:\Documents\GitHub\smartcar\smartcar\iar\Debug_m4\Obj\prot_10722960861768657883.dir: [17]
    --------------------------------------------------------------
    Total:

E:\Documents\GitHub\smartcar\smartcar\iar\Debug_m4\Obj\rev_b_4986922561640112550.dir: [18]
    system_tviibe4m_cm4.o           240      112       20
    --------------------------------------------------------------
    Total:                          240      112       20

E:\Documents\GitHub\smartcar\smartcar\iar\Debug_m4\Obj\rev_b_6162237342861132223.dir: [19]
    cy_interrupt_map.o              408      127    1'536
    --------------------------------------------------------------
    Total:                          408      127    1'536

E:\Documents\GitHub\smartcar\smartcar\iar\Debug_m4\Obj\scb_15490842639181808494.dir: [20]
    cy_scb_spi.o                    480       16
    --------------------------------------------------------------
    Total:                          480       16

E:\Documents\GitHub\smartcar\smartcar\iar\Debug_m4\Obj\semihosting_143864889731838620.dir: [21]
    --------------------------------------------------------------
    Total:

E:\Documents\GitHub\smartcar\smartcar\iar\Debug_m4\Obj\smartio_5451710003740070188.dir: [22]
    --------------------------------------------------------------
    Total:

E:\Documents\GitHub\smartcar\smartcar\iar\Debug_m4\Obj\smif_427648126384146252.dir: [23]
    --------------------------------------------------------------
    Total:

E:\Documents\GitHub\smartcar\smartcar\iar\Debug_m4\Obj\srom_13018798572330080582.dir: [24]
    --------------------------------------------------------------
    Total:

E:\Documents\GitHub\smartcar\smartcar\iar\Debug_m4\Obj\startup_479057977785470282.dir: [25]
    startup.o                       368        8
    startup_cm4.o                   334               128
    --------------------------------------------------------------
    Total:                          702        8      128

E:\Documents\GitHub\smartcar\smartcar\iar\Debug_m4\Obj\sw_timer_4215635015939382130.dir: [26]
    --------------------------------------------------------------
    Total:

E:\Documents\GitHub\smartcar\smartcar\iar\Debug_m4\Obj\sysclk_16149231235676103872.dir: [27]
    cy_sysclk.o                   1'656      168       25
    --------------------------------------------------------------
    Total:                        1'656      168       25

E:\Documents\GitHub\smartcar\smartcar\iar\Debug_m4\Obj\sysflt_12293435975120599261.dir: [28]
    --------------------------------------------------------------
    Total:

E:\Documents\GitHub\smartcar\smartcar\iar\Debug_m4\Obj\sysint_7435970359207984181.dir: [29]
    cy_sysint.o                      88        4
    --------------------------------------------------------------
    Total:                           88        4

E:\Documents\GitHub\smartcar\smartcar\iar\Debug_m4\Obj\syslib_16330585751512546975.dir: [30]
    cy_syslib.o                     182               140
    cy_syslib_iar.o                  30
    --------------------------------------------------------------
    Total:                          212               140

E:\Documents\GitHub\smartcar\smartcar\iar\Debug_m4\Obj\syspm_10887939769544754770.dir: [31]
    --------------------------------------------------------------
    Total:

E:\Documents\GitHub\smartcar\smartcar\iar\Debug_m4\Obj\sysreset_14586141425677365288.dir: [32]
    --------------------------------------------------------------
    Total:

E:\Documents\GitHub\smartcar\smartcar\iar\Debug_m4\Obj\sysrtc_10747768817563771611.dir: [33]
    --------------------------------------------------------------
    Total:

E:\Documents\GitHub\smartcar\smartcar\iar\Debug_m4\Obj\systick_16016591671695740695.dir: [34]
    --------------------------------------------------------------
    Total:

E:\Documents\GitHub\smartcar\smartcar\iar\Debug_m4\Obj\syswdt_9118657615806274156.dir: [35]
    --------------------------------------------------------------
    Total:

E:\Documents\GitHub\smartcar\smartcar\iar\Debug_m4\Obj\tcpwm_422923530147891246.dir: [36]
    cy_tcpwm.o                       14
    cy_tcpwm_counter.o              440       20
    cy_tcpwm_pwm.o                  514       28
    --------------------------------------------------------------
    Total:                          968       48

E:\Documents\GitHub\smartcar\smartcar\iar\Debug_m4\Obj\trigmux_9729677290734583340.dir: [37]
    --------------------------------------------------------------
    Total:

E:\Documents\GitHub\smartcar\smartcar\iar\Debug_m4\Obj\user_8514941877209965082.dir: [38]
    main_cm4.o                      176       48
    --------------------------------------------------------------
    Total:                          176       48

E:\Documents\GitHub\smartcar\smartcar\iar\Debug_m4\Obj\zf_common_1201165462030747823.dir: [39]
    zf_common_clock.o                28                 4
    zf_common_debug.o               976      108       23
    zf_common_font.o                       2'072
    zf_common_interrupt.o           226                 4
    --------------------------------------------------------------
    Total:                        1'230    2'180       31

E:\Documents\GitHub\smartcar\smartcar\iar\Debug_m4\Obj\zf_components_14936052685886095442.dir: [40]
    --------------------------------------------------------------
    Total:

E:\Documents\GitHub\smartcar\smartcar\iar\Debug_m4\Obj\zf_device_6570275422786408770.dir: [41]
    zf_device_mt9v03x.o             588       40   22'561   22'560
    zf_device_tft180.o            2'440       68       10
    --------------------------------------------------------------
    Total:                        3'028      108   22'571   22'560

E:\Documents\GitHub\smartcar\smartcar\iar\Debug_m4\Obj\zf_driver_11922370083829174090.dir: [42]
    zf_driver_delay.o               576        1        2
    zf_driver_encoder.o             788       74       24
    zf_driver_gpio.o                396
    zf_driver_pwm.o               1'668       68
    zf_driver_soft_iic.o          1'584       72
    zf_driver_spi.o               2'408       69       24
    zf_driver_uart.o                140        1       20
    --------------------------------------------------------------
    Total:                        7'560      285       70

dl7M_tln.a: [43]
    exit.o                            4
    sprintf.o                        64
    xprintftiny.o                   312
    xsprout.o                        10
    --------------------------------------------------------------
    Total:                          390

m7M_tls.a: [44]
    DblAddSub.o                     606
    DblCmpLe.o                       52
    DblDiv.o                        582
    DblMul.o                        426
    DblToFlt.o                      104
    FltToDbl.o                       72
    S32ToDbl.o                       34
    U32ToDbl.o                       28
    fpinit_M.o                       34
    --------------------------------------------------------------
    Total:                        1'938

rt7M_tl.a: [45]
    ABImemcpy.o                     166
    ABImemset.o                     102
    I64DivMod.o                     560
    I64DivZer.o                       2
    cexit.o                          10
    cmain.o                          30
    cstartup_M.o                     28
    data_init.o                      42
    lz77_init_single.o              126
    strlen.o                         54
    strncpy.o                       112
    zero_init3.o                     56
    --------------------------------------------------------------
    Total:                        1'288

shb_l.a: [46]
    exit.o                           20
    --------------------------------------------------------------
    Total:                           20

zf_device_config.a: [47]
    zf_device_config_mt9v03x.o    2'144                36
    --------------------------------------------------------------
    Total:                        2'144                36

    Gaps                             36        4
    Linker created                            32    8'192
------------------------------------------------------------------
    Grand Total:                 26'808    3'141   81'878   22'560


*******************************************************************************
*** ENTRY LIST
***

Entry                       Address    Size  Type      Object
-----                       -------    ----  ----      ------
.iar.init_table$$Base   0x1008'7244           --   Gb  - Linker created -
.iar.init_table$$Limit  0x1008'7264           --   Gb  - Linker created -
?main                   0x1008'72b1          Code  Gb  cmain.o [45]
BusFault_Handler        0x1008'7465          Code  Wk  startup_cm4.o [25]
CSTACK$$Base             0x807'e000           --   Gb  - Linker created -
CSTACK$$Limit            0x808'0000           --   Gb  - Linker created -
CopyVectorTable         0x1008'6cd9    0x34  Code  Lc  startup.o [25]
CpuUserInt0_Handler     0x1008'6a3f    0x26  Code  Gb  cy_interrupt_map.o [19]
CpuUserInt10_Handler    0x1008'7481          Code  Wk  startup_cm4.o [25]
CpuUserInt11_Handler    0x1008'7485          Code  Wk  startup_cm4.o [25]
CpuUserInt12_Handler    0x1008'7489          Code  Wk  startup_cm4.o [25]
CpuUserInt13_Handler    0x1008'748d          Code  Wk  startup_cm4.o [25]
CpuUserInt14_Handler    0x1008'7491          Code  Wk  startup_cm4.o [25]
CpuUserInt15_Handler    0x1008'7495          Code  Wk  startup_cm4.o [25]
CpuUserInt1_Handler     0x1008'6a65    0x26  Code  Gb  cy_interrupt_map.o [19]
CpuUserInt2_Handler     0x1008'6a8b    0x26  Code  Gb  cy_interrupt_map.o [19]
CpuUserInt3_Handler     0x1008'6ab1    0x26  Code  Gb  cy_interrupt_map.o [19]
CpuUserInt4_Handler     0x1008'6ad7    0x26  Code  Gb  cy_interrupt_map.o [19]
CpuUserInt5_Handler     0x1008'6afd    0x26  Code  Gb  cy_interrupt_map.o [19]
CpuUserInt6_Handler     0x1008'6b23    0x26  Code  Gb  cy_interrupt_map.o [19]
CpuUserInt7_Handler     0x1008'6b49    0x26  Code  Gb  cy_interrupt_map.o [19]
CpuUserInt8_Handler     0x1008'7479          Code  Wk  startup_cm4.o [25]
CpuUserInt9_Handler     0x1008'747d          Code  Wk  startup_cm4.o [25]
Cy_DefaultUserHandler   0x1008'6a3d     0x2  Code  Gb  cy_interrupt_map.o [19]
Cy_GPIO_ClearInterrupt  0x1008'3bf3     0xe  Code  Lc  cy_gpio.o [11]
Cy_GPIO_Clr             0x1008'2eb5     0xa  Code  Lc  zf_driver_gpio.o [42]
Cy_GPIO_Pin_Init        0x1008'3c37    0x74  Code  Gb  cy_gpio.o [11]
Cy_GPIO_Read            0x1008'2ea1     0xa  Code  Lc  zf_driver_gpio.o [42]
Cy_GPIO_Set             0x1008'2eab     0xa  Code  Lc  zf_driver_gpio.o [42]
Cy_GPIO_SetDriveSel     0x1008'3bd5    0x1e  Code  Lc  cy_gpio.o [11]
Cy_GPIO_SetDrivemode    0x1008'3b85    0x1c  Code  Lc  cy_gpio.o [11]
Cy_GPIO_SetDrivemode    0x1008'2ebf    0x1c  Code  Lc  zf_driver_gpio.o [42]
Cy_GPIO_SetHSIOM        0x1008'3b21    0x4c  Code  Lc  cy_gpio.o [11]
Cy_GPIO_SetInterruptEdge
                        0x1008'3c1b    0x1c  Code  Lc  cy_gpio.o [11]
Cy_GPIO_SetInterruptMask
                        0x1008'3c01    0x1a  Code  Lc  cy_gpio.o [11]
Cy_GPIO_SetSlewRate     0x1008'3bbb    0x1a  Code  Lc  cy_gpio.o [11]
Cy_GPIO_SetVtrip        0x1008'3ba1    0x1a  Code  Lc  cy_gpio.o [11]
Cy_GPIO_Write           0x1008'3b6d    0x18  Code  Lc  cy_gpio.o [11]
Cy_RestoreIRQ           0x1008'6e21          Code  Gb  startup_cm4.o [25]
Cy_SCB_ClearRxFifo      0x1008'2173    0x1e  Code  Lc  zf_driver_spi.o [42]
Cy_SCB_GetFifoSize      0x1008'21cd    0x12  Code  Lc  zf_driver_spi.o [42]
Cy_SCB_GetNumInRxFifo   0x1008'2169     0xa  Code  Lc  zf_driver_spi.o [42]
Cy_SCB_GetNumInTxFifo   0x1008'2197     0xa  Code  Lc  zf_driver_spi.o [42]
Cy_SCB_GetNumInTxFifo   0x1008'3e9f     0xa  Code  Lc  zf_driver_uart.o [42]
Cy_SCB_GetTxSrValid     0x1008'21a1     0xa  Code  Lc  zf_driver_spi.o [42]
Cy_SCB_GetTxSrValid     0x1008'3ea9     0xa  Code  Lc  zf_driver_uart.o [42]
Cy_SCB_IsTxComplete     0x1008'21ab    0x22  Code  Lc  zf_driver_spi.o [42]
Cy_SCB_IsTxComplete     0x1008'3eb3    0x22  Code  Lc  zf_driver_uart.o [42]
Cy_SCB_SPI_ClearRxFifo  0x1008'21ff     0x8  Code  Lc  zf_driver_spi.o [42]
Cy_SCB_SPI_Enable       0x1008'21df     0xa  Code  Lc  zf_driver_spi.o [42]
Cy_SCB_SPI_GetNumInRxFifo
                        0x1008'21f7     0x8  Code  Lc  zf_driver_spi.o [42]
Cy_SCB_SPI_Init         0x1008'3cb9   0x1c8  Code  Gb  cy_scb_spi.o [20]
Cy_SCB_SPI_SetActiveSlaveSelect
                        0x1008'21e9     0xe  Code  Lc  zf_driver_spi.o [42]
Cy_SCB_WriteTxFifo      0x1008'2191     0x6  Code  Lc  zf_driver_spi.o [42]
Cy_SCB_WriteTxFifo      0x1008'3e99     0x6  Code  Lc  zf_driver_uart.o [42]
Cy_SaveIRQ              0x1008'6e19          Code  Gb  startup_cm4.o [25]
Cy_SysClk_CheckDividerExisting
                        0x1008'65ad    0x34  Code  Lc  zf_device_mt9v03x.o [41]
Cy_SysClk_CheckDividerExisting
                        0x1008'302d    0x34  Code  Lc  zf_driver_delay.o [42]
Cy_SysClk_CheckDividerExisting
                        0x1008'6299    0x34  Code  Lc  zf_driver_encoder.o [42]
Cy_SysClk_CheckDividerExisting
                        0x1008'326d    0x34  Code  Lc  zf_driver_pwm.o [42]
Cy_SysClk_CheckDividerExisting
                        0x1008'2207    0x34  Code  Lc  zf_driver_spi.o [42]
Cy_SysClk_ClkPathGetSource
                        0x1008'5587    0x54  Code  Gb  cy_sysclk.o [27]
Cy_SysClk_EcoGetStatus  0x1008'5471    0x1a  Code  Lc  cy_sysclk.o [27]
Cy_SysClk_FastClkGetDivider
                        0x1008'557b     0xc  Code  Lc  cy_sysclk.o [27]
Cy_SysClk_FllGetConfiguration
                        0x1008'55db    0x7e  Code  Gb  cy_sysclk.o [27]
Cy_SysClk_FllGetLockStatus
                        0x1008'548b     0xc  Code  Lc  cy_sysclk.o [27]
Cy_SysClk_GetCoreFrequency
                        0x1008'5abb     0x8  Code  Gb  cy_sysclk.o [27]
Cy_SysClk_GetEcoFrequency
                        0x1008'5725    0x32  Code  Gb  cy_sysclk.o [27]
Cy_SysClk_GetExtFrequency
                        0x1008'5759    0x1e  Code  Gb  cy_sysclk.o [27]
Cy_SysClk_GetFastFrequency
                        0x1008'5a8d    0x2e  Code  Gb  cy_sysclk.o [27]
Cy_SysClk_GetFllInputFrequency
                        0x1008'5881     0xc  Code  Gb  cy_sysclk.o [27]
Cy_SysClk_GetFllOutputFrequency
                        0x1008'58a9    0x78  Code  Gb  cy_sysclk.o [27]
Cy_SysClk_GetHfClkFrequency
                        0x1008'5a13    0x7a  Code  Gb  cy_sysclk.o [27]
Cy_SysClk_GetIlo0Frequency
                        0x1008'5779    0x32  Code  Gb  cy_sysclk.o [27]
Cy_SysClk_GetIlo1Frequency
                        0x1008'57ab    0x32  Code  Gb  cy_sysclk.o [27]
Cy_SysClk_GetImoFrequency
                        0x1008'56f3    0x32  Code  Gb  cy_sysclk.o [27]
Cy_SysClk_GetPathFrequency
                        0x1008'59e1    0x32  Code  Gb  cy_sysclk.o [27]
Cy_SysClk_GetPathSourceFrequency
                        0x1008'581d    0x64  Code  Gb  cy_sysclk.o [27]
Cy_SysClk_GetPllInputFrequency
                        0x1008'588d    0x1c  Code  Gb  cy_sysclk.o [27]
Cy_SysClk_GetPllNo      0x1008'5499    0x14  Code  Lc  cy_sysclk.o [27]
Cy_SysClk_GetPllOutputFrequency
                        0x1008'5921    0xba  Code  Gb  cy_sysclk.o [27]
Cy_SysClk_GetWcoFrequency
                        0x1008'57dd    0x32  Code  Gb  cy_sysclk.o [27]
Cy_SysClk_HfClockGetDivider
                        0x1008'5539    0x42  Code  Lc  cy_sysclk.o [27]
Cy_SysClk_HfClockGetSource
                        0x1008'54e5    0x54  Code  Lc  cy_sysclk.o [27]
Cy_SysClk_InitGetFreqParams
                        0x1008'56d9    0x1a  Code  Gb  cy_sysclk.o [27]
Cy_SysClk_PeriphAssignDivider
                        0x1008'6645    0x38  Code  Lc  zf_device_mt9v03x.o [41]
Cy_SysClk_PeriphAssignDivider
                        0x1008'30c5    0x38  Code  Lc  zf_driver_delay.o [42]
Cy_SysClk_PeriphAssignDivider
                        0x1008'6335    0x3a  Code  Lc  zf_driver_encoder.o [42]
Cy_SysClk_PeriphAssignDivider
                        0x1008'3309    0x3a  Code  Lc  zf_driver_pwm.o [42]
Cy_SysClk_PeriphAssignDivider
                        0x1008'22c7    0x3a  Code  Lc  zf_driver_spi.o [42]
Cy_SysClk_PeriphEnableDivider
                        0x1008'667d    0x3a  Code  Lc  zf_device_mt9v03x.o [41]
Cy_SysClk_PeriphEnableDivider
                        0x1008'30fd    0x3a  Code  Lc  zf_driver_delay.o [42]
Cy_SysClk_PeriphEnableDivider
                        0x1008'636f    0x3c  Code  Lc  zf_driver_encoder.o [42]
Cy_SysClk_PeriphEnableDivider
                        0x1008'3343    0x3c  Code  Lc  zf_driver_pwm.o [42]
Cy_SysClk_PeriphEnableDivider
                        0x1008'2301    0x3c  Code  Lc  zf_driver_spi.o [42]
Cy_SysClk_PeriphSetDivider
                        0x1008'65e1    0x64  Code  Lc  zf_device_mt9v03x.o [41]
Cy_SysClk_PeriphSetDivider
                        0x1008'3061    0x64  Code  Lc  zf_driver_delay.o [42]
Cy_SysClk_PeriphSetDivider
                        0x1008'62cd    0x68  Code  Lc  zf_driver_encoder.o [42]
Cy_SysClk_PeriphSetDivider
                        0x1008'32a1    0x68  Code  Lc  zf_driver_pwm.o [42]
Cy_SysClk_PeriphSetFracDivider
                        0x1008'223b    0x8c  Code  Lc  zf_driver_spi.o [42]
Cy_SysClk_PllGetConfiguration
                        0x1008'566d    0x48  Code  Gb  cy_sysclk.o [27]
Cy_SysClk_PllGetLockStatus
                        0x1008'54ad    0x28  Code  Lc  cy_sysclk.o [27]
Cy_SysClk_WcoOkay       0x1008'54d5     0xe  Code  Lc  cy_sysclk.o [27]
Cy_SysInt_InitIRQ       0x1008'4589    0x36  Code  Gb  cy_sysint.o [29]
Cy_SysInt_SetSystemIrqVector
                        0x1008'45bf    0x12  Code  Gb  cy_sysint.o [29]
Cy_SysInt_SystemIrqUserTableRamPointer
                         0x802'6494     0x4  Data  Gb  cy_interrupt_map.o [19]
Cy_SysLib_DelayCycles   0x1008'7291          Code  Gb  cy_syslib_iar.o [30]
Cy_SysLib_EnterCriticalSection
                        0x1008'72a1          Code  Gb  cy_syslib_iar.o [30]
Cy_SysLib_ExitCriticalSection
                        0x1008'72a9          Code  Gb  cy_syslib_iar.o [30]
Cy_SysLib_FaultHandler  0x1008'5b5d    0x90  Code  Gb  cy_syslib.o [30]
Cy_SysLib_Halt          0x1008'5b59     0x4  Code  Gb  cy_syslib.o [30]
Cy_SysLib_ProcessingFault
                        0x1008'5ca7     0x2  Code  Wk  cy_syslib.o [30]
Cy_SysLib_SvcHandler    0x1008'73e5     0xc  Code  Wk  cy_syslib.o [30]
Cy_SystemInitFpuEnable  0x1008'6dc9    0x1e  Code  Gb  system_tviibe4m_cm4.o [18]
Cy_SystemIrqUserTable    0x802'5e98   0x5fc  Data  Gb  cy_interrupt_map.o [19]
Cy_Tcpwm_Counter_ClearTC_Intr
                        0x1008'4229    0x10  Code  Gb  cy_tcpwm_counter.o [36]
Cy_Tcpwm_Counter_Enable
                        0x1008'4209     0xa  Code  Gb  cy_tcpwm_counter.o [36]
Cy_Tcpwm_Counter_GetCounter
                        0x1008'4217     0x4  Code  Gb  cy_tcpwm_counter.o [36]
Cy_Tcpwm_Counter_Init   0x1008'4081   0x172  Code  Gb  cy_tcpwm_counter.o [36]
Cy_Tcpwm_Counter_SetCounter
                        0x1008'4213     0x4  Code  Gb  cy_tcpwm_counter.o [36]
Cy_Tcpwm_Counter_SetTC_IntrMask
                        0x1008'421b     0xe  Code  Gb  cy_tcpwm_counter.o [36]
Cy_Tcpwm_Pwm_Enable     0x1008'4441     0xa  Code  Gb  cy_tcpwm_pwm.o [36]
Cy_Tcpwm_Pwm_Init       0x1008'4249   0x1da  Code  Gb  cy_tcpwm_pwm.o [36]
Cy_Tcpwm_TriggerStart   0x1008'4239     0xe  Code  Gb  cy_tcpwm.o [36]
Cy_u32StartupStackEndAddress
                        0x1008'7190          Data  Gb  startup_cm4.o [25]
Cy_u32StartupStackStartAddress
                        0x1008'718c          Data  Gb  startup_cm4.o [25]
DebugMon_Handler        0x1008'746d          Code  Wk  startup_cm4.o [25]
Get_image               0x1008'0089    0x5a  Code  Gb  camera.o [4]
HEAP_STACK$$Base         0x807'e000           --   Gb  - Linker created -
HEAP_STACK$$Limit        0x808'0000           --   Gb  - Linker created -
HardFault_Handler       0x1008'7265          Code  Wk  startup_cm4.o [25]
InitRamEcc              0x1008'6bc9    0xfe  Code  Lc  startup.o [25]
InitRamEccClearArea     0x1008'6cc7    0x12  Code  Lc  startup.o [25]
LMotor_PI               0x1008'2139    0x18  Code  Gb  pid.o [4]
MemManage_Handler       0x1008'7461          Code  Wk  startup_cm4.o [25]
NMI_Handler             0x1008'745d          Code  Wk  startup_cm4.o [25]
PendSV_Handler          0x1008'7471          Code  Wk  startup_cm4.o [25]
RMotor_PI               0x1008'2151    0x18  Code  Gb  pid.o [4]
Region$$Table$$Base     0x1008'7244           --   Gb  - Linker created -
Region$$Table$$Limit    0x1008'7264           --   Gb  - Linker created -
Reset_Handler           0x1008'7151          Code  Wk  startup_cm4.o [25]
SVC_Handler             0x1008'7315          Code  Wk  startup_cm4.o [25]
Startup_Init            0x1008'6bb9    0x10  Code  Gb  startup.o [25]
SysTick_Handler         0x1008'7475          Code  Wk  startup_cm4.o [25]
SystemCoreClock          0x803'7d84     0x4  Data  Gb  system_tviibe4m_cm4.o [18]
SystemCoreClockUpdate   0x1008'6d31    0x98  Code  Gb  system_tviibe4m_cm4.o [18]
SystemInit              0x1008'6d29     0x8  Code  Gb  system_tviibe4m_cm4.o [18]
UsageFault_Handler      0x1008'7469          Code  Wk  startup_cm4.o [25]
_PrintfTiny             0x1008'4467   0x120  Code  Gb  xprintftiny.o [43]
_SProut                 0x1008'1293     0xa  Code  Gb  xsprout.o [43]
__NVIC_ClearPendingIRQ  0x1008'6a21    0x1c  Code  Lc  cy_interrupt_map.o [19]
__NVIC_ClearPendingIRQ  0x1008'3fb9    0x1c  Code  Lc  zf_common_interrupt.o [39]
__NVIC_EnableIRQ        0x1008'3f9d    0x1c  Code  Lc  zf_common_interrupt.o [39]
__NVIC_SetPriority      0x1008'3fd5    0x24  Code  Lc  zf_common_interrupt.o [39]
__Vectors               0x1008'0000           --   Gb  startup_cm4.o [25]
__Vectors_End           0x1008'0080          Data  Gb  startup_cm4.o [25]
__Vectors_Size {Abs}           0x80           --   Gb  startup_cm4.o [25]
__aeabi_cdcmple         0x1008'16cd          Code  Gb  DblCmpLe.o [44]
__aeabi_d2f             0x1008'20d1          Code  Gb  DblToFlt.o [44]
__aeabi_dadd            0x1008'146d          Code  Gb  DblAddSub.o [44]
__aeabi_ddiv            0x1008'104d          Code  Gb  DblDiv.o [44]
__aeabi_dmul            0x1008'12c1          Code  Gb  DblMul.o [44]
__aeabi_dsub            0x1008'15e9          Code  Gb  DblAddSub.o [44]
__aeabi_f2d             0x1008'2089          Code  Gb  FltToDbl.o [44]
__aeabi_i2d             0x1008'129d          Code  Gb  S32ToDbl.o [44]
__aeabi_ldiv0           0x1008'444d          Code  Gb  I64DivZer.o [45]
__aeabi_memcpy          0x1008'5c01          Code  Gb  ABImemcpy.o [45]
__aeabi_memcpy4         0x1008'5c21          Code  Gb  ABImemcpy.o [45]
__aeabi_memcpy8         0x1008'5c21          Code  Gb  ABImemcpy.o [45]
__aeabi_memset          0x1008'0f4d          Code  Gb  ABImemset.o [45]
__aeabi_ui2d            0x1008'1031          Code  Gb  U32ToDbl.o [44]
__aeabi_uldivmod        0x1008'38f1          Code  Gb  I64DivMod.o [45]
__cmain                 0x1008'72b1          Code  Gb  cmain.o [45]
__ecc_init_sram_end_address {Abs}
                         0x807'ffff          Data  Gb  <internal module>
__ecc_init_sram_start_address {Abs}
                         0x802'0000          Data  Gb  <internal module>
__exit                  0x1008'72e5    0x14  Code  Gb  exit.o [46]
__iar_Memset            0x1008'0f4d          Code  Gb  ABImemset.o [45]
__iar_Memset_word       0x1008'0f55          Code  Gb  ABImemset.o [45]
__iar_data_init3        0x1008'71cd    0x18  Code  Gb  data_init.o [45]
__iar_init_vfp          0x1008'7221          Code  Gb  fpinit_M.o [44]
__iar_lz77_init_single3
                        0x1008'0fb3    0x7e  Code  Gb  lz77_init_single.o [45]
__iar_program_start     0x1008'7331          Code  Gb  cstartup_M.o [45]
__iar_zero_init3        0x1008'7195    0x38  Code  Gb  zero_init3.o [45]
__low_level_init        0x1008'72d1          Code  Gb  startup_cm4.o [25]
__ramVectors             0x803'8000          Data  Gb  startup_cm4.o [25]
__vector_table          0x1008'0000          Data  Gb  startup_cm4.o [25]
__vector_table_0x1c     0x1008'001c          Data  Gb  startup_cm4.o [25]
_call_main              0x1008'72bd          Code  Gb  cmain.o [45]
_exit                   0x1008'72d9          Code  Gb  cexit.o [45]
ascii_font_6x8          0x1008'67f8   0x228  Data  Gb  zf_common_font.o [39]
ascii_font_8x16         0x1008'5ca8   0x5f0  Data  Gb  zf_common_font.o [39]
assert_interrupt_config
                        0x1008'4031     0xc  Code  Gb  zf_common_interrupt.o [39]
bin_image                0x802'bcfc  0x5820  Data  Gb  camera.o [4]
camera_finish_callback  0x1008'66b7    0x1e  Code  Gb  zf_device_mt9v03x.o [41]
center_line              0x803'7c3c    0x78  Data  Gb  camera.o [4]
clock_init              0x1008'6ed9    0x16  Code  Gb  zf_common_clock.o [39]
cs_pin_save              0x803'7da4     0x4  Data  Gb  zf_driver_spi.o [42]
cy_assertFileName        0x803'7d3c    0x18  Data  Gb  cy_syslib.o [30]
cy_assertLine            0x803'7d80     0x4  Data  Gb  cy_syslib.o [30]
cy_delay32kMs            0x803'7d94     0x4  Data  Gb  system_tviibe4m_cm4.o [18]
cy_delayFreqHz           0x803'7d88     0x4  Data  Gb  system_tviibe4m_cm4.o [18]
cy_delayFreqKhz          0x803'7d8c     0x4  Data  Gb  system_tviibe4m_cm4.o [18]
cy_delayFreqMhz          0x803'7d90     0x4  Data  Gb  system_tviibe4m_cm4.o [18]
cy_faultFrame            0x803'7cb4    0x70  Data  Gb  cy_syslib.o [30]
data_stastics_l          0x803'7dc4     0x2  Data  Gb  camera.o [4]
data_stastics_r          0x803'7dc6     0x2  Data  Gb  camera.o [4]
debug_assert_handler    0x1008'2dd5    0x3c  Code  Gb  zf_common_debug.o [39]
debug_assert_handler::assert_nest_index
                         0x803'7dcb     0x1  Data  Lc  zf_common_debug.o [39]
debug_delay             0x1008'2ad1    0x36  Code  Lc  zf_common_debug.o [39]
debug_info_init         0x1008'2e5b    0x18  Code  Gb  zf_common_debug.o [39]
debug_output            0x1008'2b13   0x2c2  Code  Lc  zf_common_debug.o [39]
debug_output_info        0x803'7d54    0x14  Data  Lc  zf_common_debug.o [39]
debug_output_init       0x1008'2e31    0x2a  Code  Gb  zf_common_debug.o [39]
debug_output_struct_init
                        0x1008'2e11    0x20  Code  Gb  zf_common_debug.o [39]
debug_uart_str_output   0x1008'2b07     0xc  Code  Lc  zf_common_debug.o [39]
delay_clk                0x802'64da     0x1  Data  Lc  zf_driver_delay.o [42]
dir_l                    0x803'78f4   0x258  Data  Gb  camera.o [4]
dir_r                    0x803'769c   0x258  Data  Gb  camera.o [4]
encoder_clk              0x802'6498     0x4  Data  Gb  zf_driver_encoder.o [42]
encoder_dir_init        0x1008'641d   0x16a  Code  Gb  zf_driver_encoder.o [42]
encoder_mode             0x803'7da0     0x4  Data  Lc  zf_driver_encoder.o [42]
encoder_module           0x802'649c    0x10  Data  Gb  zf_driver_encoder.o [42]
exit                    0x1008'72d5     0x4  Code  Gb  exit.o [43]
get_ch1_hsiom           0x1008'63d1    0x26  Code  Lc  zf_driver_encoder.o [42]
get_ch1_pin             0x1008'63ab    0x26  Code  Lc  zf_driver_encoder.o [42]
get_ch2_pin             0x1008'63f7    0x26  Code  Lc  zf_driver_encoder.o [42]
get_left                0x1008'0a53    0x70  Code  Gb  camera.o [4]
get_pwm_ch              0x1008'358f    0xfe  Code  Lc  zf_driver_pwm.o [42]
get_pwm_pin             0x1008'337f   0x100  Code  Lc  zf_driver_pwm.o [42]
get_pwm_pin_hsiom       0x1008'347f   0x110  Code  Lc  zf_driver_pwm.o [42]
get_right               0x1008'0ac3    0x70  Code  Gb  camera.o [4]
get_start_point         0x1008'03d9    0xce  Code  Gb  camera.o [4]
gpio_get_level          0x1008'2f23    0x24  Code  Gb  zf_driver_gpio.o [42]
gpio_init               0x1008'2f97    0x90  Code  Gb  zf_driver_gpio.o [42]
gpio_set_dir            0x1008'2f47    0x50  Code  Gb  zf_driver_gpio.o [42]
gpio_set_level          0x1008'2edb    0x48  Code  Gb  zf_driver_gpio.o [42]
image_draw_rectan       0x1008'0c77    0x74  Code  Gb  camera.o [4]
image_filter            0x1008'0b39   0x13e  Code  Gb  camera.o [4]
image_process           0x1008'0ced   0x206  Code  Gb  camera.o [4]
image_process{3}{4}::integral_error
                         0x803'7d78     0x4  Data  Lc  camera.o [4]
image_process{3}{4}::last_error
                         0x803'7d7c     0x4  Data  Lc  camera.o [4]
image_thereshold         0x803'7dc8     0x1  Data  Gb  camera.o [4]
intFreqInitialized       0x803'7dc9     0x1  Data  Gb  cy_sysclk.o [27]
internalBaseFreqInfo     0x803'7d24    0x18  Data  Gb  cy_sysclk.o [27]
interrupt_global_disable
                        0x1008'4009    0x14  Code  Gb  zf_common_interrupt.o [39]
interrupt_global_enable
                        0x1008'3ff9    0x10  Code  Gb  zf_common_interrupt.o [39]
interrupt_global_flag    0x803'7d9c     0x4  Data  Lc  zf_common_interrupt.o [39]
interrupt_init          0x1008'4049    0x36  Code  Gb  zf_common_interrupt.o [39]
interrupt_set_priority  0x1008'403d     0xc  Code  Gb  zf_common_interrupt.o [39]
l_border                 0x803'7b4c    0x78  Data  Gb  camera.o [4]
main                    0x1008'6e29    0xb0  Code  Gb  main_cm4.o [38]
mt9v03x_auto_exp         0x803'7db4     0x4  Data  Lc  zf_device_config_mt9v03x.o [47]
mt9v03x_exp_time         0x803'7db8     0x4  Data  Lc  zf_device_config_mt9v03x.o [47]
mt9v03x_finish_flag      0x803'7dcc     0x1  Data  Gb  zf_device_mt9v03x.o [41]
mt9v03x_h_blank          0x803'7db0     0x4  Data  Lc  zf_device_config_mt9v03x.o [47]
mt9v03x_iic_inf_struct   0x803'7d68    0x10  Data  Lc  zf_device_config_mt9v03x.o [47]
mt9v03x_image            0x803'151c  0x5820  Data  Gb  zf_device_mt9v03x.o [41]
mt9v03x_image_temp       0x802'0658  0x5820  Data  Wk  zf_device_mt9v03x.o [41]
mt9v03x_init            0x1008'67dd    0x1c  Code  Gb  zf_device_mt9v03x.o [41]
mt9v03x_read_word_sccb  0x1008'469d    0x28  Code  Lc  zf_device_config_mt9v03x.o [47]
mt9v03x_row              0x803'7dbc     0x4  Data  Lc  zf_device_config_mt9v03x.o [47]
mt9v03x_sccb_check_id   0x1008'46c5    0x60  Code  Gb  zf_device_config_mt9v03x.o [47]
mt9v03x_sccb_init       0x1008'6771    0x3c  Code  Gb  zf_device_mt9v03x.o [41]
mt9v03x_sccb_set_config
                        0x1008'4725   0x6fe  Code  Gb  zf_device_config_mt9v03x.o [47]
mt9v03x_trig_init       0x1008'66d5    0x9c  Code  Lc  zf_device_mt9v03x.o [41]
mt9v03x_v_blank          0x803'7dac     0x4  Data  Lc  zf_device_config_mt9v03x.o [47]
mt9v03x_write_and_check_word_sccb
                        0x1008'460b    0x92  Code  Lc  zf_device_config_mt9v03x.o [47]
mt9v03x_write_word_sccb
                        0x1008'45e1    0x2a  Code  Lc  zf_device_config_mt9v03x.o [47]
my_abs                  0x1008'0081     0x8  Code  Gb  camera.o [4]
original_image           0x802'64dc  0x5820  Data  Gb  camera.o [4]
otsuThreshold           0x1008'00e5   0x26e  Code  Gb  camera.o [4]
out                     0x1008'444f    0x18  Code  Lc  xprintftiny.o [43]
points_l                 0x803'6d3c   0x4b0  Data  Gb  camera.o [4]
points_r                 0x803'71ec   0x4b0  Data  Gb  camera.o [4]
pwm_all_channel_close   0x1008'368d    0x22  Code  Gb  zf_driver_pwm.o [42]
pwm_init                0x1008'3713   0x1bc  Code  Gb  zf_driver_pwm.o [42]
pwm_set_duty            0x1008'36af    0x64  Code  Gb  zf_driver_pwm.o [42]
r_border                 0x803'7bc4    0x78  Data  Gb  camera.o [4]
scb_module               0x802'64bc    0x14  Data  Gb  zf_driver_uart.o [42]
search_l_r              0x1008'04b1   0x5a2  Code  Gb  camera.o [4]
search_l_r::seeds_l      0x802'5e78    0x10  Data  Lc  camera.o [4]
search_l_r::seeds_r      0x802'5e88    0x10  Data  Lc  camera.o [4]
soft_iic_init           0x1008'53f5    0x78  Code  Gb  zf_driver_soft_iic.o [42]
soft_iic_read_data      0x1008'5217   0x118  Code  Lc  zf_driver_soft_iic.o [42]
soft_iic_sccb_read_register
                        0x1008'5389    0x6c  Code  Gb  zf_driver_soft_iic.o [42]
soft_iic_sccb_write_register
                        0x1008'533d    0x4c  Code  Gb  zf_driver_soft_iic.o [42]
soft_iic_send_ack       0x1008'4f8d    0xd2  Code  Lc  zf_driver_soft_iic.o [42]
soft_iic_send_data      0x1008'5137    0xe0  Code  Lc  zf_driver_soft_iic.o [42]
soft_iic_start          0x1008'4e41    0xa6  Code  Lc  zf_driver_soft_iic.o [42]
soft_iic_stop           0x1008'4ee7    0xa6  Code  Lc  zf_driver_soft_iic.o [42]
soft_iic_wait_ack       0x1008'505f    0xd8  Code  Lc  zf_driver_soft_iic.o [42]
spi_get_clk_hsiom       0x1008'23e5    0x28  Code  Lc  zf_driver_spi.o [42]
spi_get_clk_pin         0x1008'233d    0x28  Code  Lc  zf_driver_spi.o [42]
spi_get_cs_hsiom        0x1008'2461    0x2c  Code  Lc  zf_driver_spi.o [42]
spi_get_cs_pin          0x1008'23b9    0x2c  Code  Lc  zf_driver_spi.o [42]
spi_get_miso_hsiom      0x1008'2435    0x2c  Code  Lc  zf_driver_spi.o [42]
spi_get_miso_pin        0x1008'238d    0x2c  Code  Lc  zf_driver_spi.o [42]
spi_get_module_clock    0x1008'248d    0x26  Code  Lc  zf_driver_spi.o [42]
spi_get_mosi_hsiom      0x1008'240d    0x28  Code  Lc  zf_driver_spi.o [42]
spi_get_mosi_pin        0x1008'2365    0x28  Code  Lc  zf_driver_spi.o [42]
spi_init                0x1008'2875   0x248  Code  Gb  zf_driver_spi.o [42]
spi_module               0x802'64ac    0x10  Data  Gb  zf_driver_spi.o [42]
spi_write_16bit         0x1008'26df    0xb2  Code  Gb  zf_driver_spi.o [42]
spi_write_16bit_array   0x1008'2791    0xbe  Code  Gb  zf_driver_spi.o [42]
spi_write_8bit          0x1008'2611    0xce  Code  Gb  zf_driver_spi.o [42]
sprintf                 0x1008'3f5d    0x40  Code  Gb  sprintf.o [43]
start_point_l            0x803'7dc0     0x2  Data  Gb  camera.o [4]
start_point_r            0x803'7dc2     0x2  Data  Gb  camera.o [4]
strlen                  0x1008'3f25          Code  Gb  strlen.o [45]
strncpy                 0x1008'5ae9          Code  Gb  strncpy.o [45]
switch_transition_length
                        0x1008'24b3   0x15e  Code  Lc  zf_driver_spi.o [42]
switch_transition_length::now_length
                         0x803'7da8     0x4  Data  Lc  zf_driver_spi.o [42]
system_clock             0x803'7d98     0x4  Data  Gb  zf_common_clock.o [39]
system_delay_init       0x1008'31a9    0xa2  Code  Gb  zf_driver_delay.o [42]
system_delay_ms         0x1008'3137    0x72  Code  Gb  zf_driver_delay.o [42]
tft180_bgcolor           0x802'64d6     0x2  Data  Lc  zf_device_tft180.o [41]
tft180_clear            0x1008'18ed    0x72  Code  Gb  zf_device_tft180.o [41]
tft180_debug_init       0x1008'1881    0x6a  Code  Lc  zf_device_tft180.o [41]
tft180_display_dir       0x803'7dcd     0x1  Data  Lc  zf_device_tft180.o [41]
tft180_display_font      0x802'64d9     0x1  Data  Lc  zf_device_tft180.o [41]
tft180_draw_point       0x1008'19a9    0x7c  Code  Gb  zf_device_tft180.o [41]
tft180_height_max        0x802'64d2     0x2  Data  Gb  zf_device_tft180.o [41]
tft180_init             0x1008'1d09   0x35e  Code  Gb  zf_device_tft180.o [41]
tft180_pencolor          0x802'64d4     0x2  Data  Lc  zf_device_tft180.o [41]
tft180_set_color        0x1008'199b     0xe  Code  Gb  zf_device_tft180.o [41]
tft180_set_dir          0x1008'195f    0x3c  Code  Gb  zf_device_tft180.o [41]
tft180_set_region       0x1008'171f   0x162  Code  Lc  zf_device_tft180.o [41]
tft180_show_char        0x1008'1a27   0x1fa  Code  Gb  zf_device_tft180.o [41]
tft180_show_string      0x1008'1c25    0xac  Code  Gb  zf_device_tft180.o [41]
tft180_width_max         0x802'64d0     0x2  Data  Gb  zf_device_tft180.o [41]
tft180_write_index      0x1008'1701    0x1e  Code  Lc  zf_device_tft180.o [41]
timer_ch                 0x802'64db     0x1  Data  Lc  zf_driver_delay.o [42]
turn_to_bin             0x1008'0353    0x7c  Code  Gb  camera.o [4]
uart_write_byte         0x1008'3ed5    0x28  Code  Gb  zf_driver_uart.o [42]
uart_write_string       0x1008'3efd    0x22  Code  Gb  zf_driver_uart.o [42]
zf_debug_assert_enable   0x802'64d8     0x1  Data  Lc  zf_common_debug.o [39]
zf_debug_init_flag       0x803'7dca     0x1  Data  Lc  zf_common_debug.o [39]


[1] = E:\Documents\GitHub\smartcar\smartcar\iar\Debug_m4\Obj\adc_11722776235721520015.dir
[2] = E:\Documents\GitHub\smartcar\smartcar\iar\Debug_m4\Obj\button_4990804375159372270.dir
[3] = E:\Documents\GitHub\smartcar\smartcar\iar\Debug_m4\Obj\canfd_1800690984773873875.dir
[4] = E:\Documents\GitHub\smartcar\smartcar\iar\Debug_m4\Obj\code_17896468042025673432.dir
[5] = E:\Documents\GitHub\smartcar\smartcar\iar\Debug_m4\Obj\cpu_15938736945165268644.dir
[6] = E:\Documents\GitHub\smartcar\smartcar\iar\Debug_m4\Obj\crypto_1190170608956581615.dir
[7] = E:\Documents\GitHub\smartcar\smartcar\iar\Debug_m4\Obj\dma_12106025507578611576.dir
[8] = E:\Documents\GitHub\smartcar\smartcar\iar\Debug_m4\Obj\evtgen_3404189088603873129.dir
[9] = E:\Documents\GitHub\smartcar\smartcar\iar\Debug_m4\Obj\flash_8529866181315662935.dir
[10] = E:\Documents\GitHub\smartcar\smartcar\iar\Debug_m4\Obj\flash_864493325053435817.dir
[11] = E:\Documents\GitHub\smartcar\smartcar\iar\Debug_m4\Obj\gpio_3999404635324069351.dir
[12] = E:\Documents\GitHub\smartcar\smartcar\iar\Debug_m4\Obj\ipc_10145506163450686023.dir
[13] = E:\Documents\GitHub\smartcar\smartcar\iar\Debug_m4\Obj\lin_18429031207028094880.dir
[14] = E:\Documents\GitHub\smartcar\smartcar\iar\Debug_m4\Obj\lvd_6353935867039560245.dir
[15] = E:\Documents\GitHub\smartcar\smartcar\iar\Debug_m4\Obj\mcwdt_4052485907822033969.dir
[16] = E:\Documents\GitHub\smartcar\smartcar\iar\Debug_m4\Obj\mpu_5663187252346826382.dir
[17] = E:\Documents\GitHub\smartcar\smartcar\iar\Debug_m4\Obj\prot_10722960861768657883.dir
[18] = E:\Documents\GitHub\smartcar\smartcar\iar\Debug_m4\Obj\rev_b_4986922561640112550.dir
[19] = E:\Documents\GitHub\smartcar\smartcar\iar\Debug_m4\Obj\rev_b_6162237342861132223.dir
[20] = E:\Documents\GitHub\smartcar\smartcar\iar\Debug_m4\Obj\scb_15490842639181808494.dir
[21] = E:\Documents\GitHub\smartcar\smartcar\iar\Debug_m4\Obj\semihosting_143864889731838620.dir
[22] = E:\Documents\GitHub\smartcar\smartcar\iar\Debug_m4\Obj\smartio_5451710003740070188.dir
[23] = E:\Documents\GitHub\smartcar\smartcar\iar\Debug_m4\Obj\smif_427648126384146252.dir
[24] = E:\Documents\GitHub\smartcar\smartcar\iar\Debug_m4\Obj\srom_13018798572330080582.dir
[25] = E:\Documents\GitHub\smartcar\smartcar\iar\Debug_m4\Obj\startup_479057977785470282.dir
[26] = E:\Documents\GitHub\smartcar\smartcar\iar\Debug_m4\Obj\sw_timer_4215635015939382130.dir
[27] = E:\Documents\GitHub\smartcar\smartcar\iar\Debug_m4\Obj\sysclk_16149231235676103872.dir
[28] = E:\Documents\GitHub\smartcar\smartcar\iar\Debug_m4\Obj\sysflt_12293435975120599261.dir
[29] = E:\Documents\GitHub\smartcar\smartcar\iar\Debug_m4\Obj\sysint_7435970359207984181.dir
[30] = E:\Documents\GitHub\smartcar\smartcar\iar\Debug_m4\Obj\syslib_16330585751512546975.dir
[31] = E:\Documents\GitHub\smartcar\smartcar\iar\Debug_m4\Obj\syspm_10887939769544754770.dir
[32] = E:\Documents\GitHub\smartcar\smartcar\iar\Debug_m4\Obj\sysreset_14586141425677365288.dir
[33] = E:\Documents\GitHub\smartcar\smartcar\iar\Debug_m4\Obj\sysrtc_10747768817563771611.dir
[34] = E:\Documents\GitHub\smartcar\smartcar\iar\Debug_m4\Obj\systick_16016591671695740695.dir
[35] = E:\Documents\GitHub\smartcar\smartcar\iar\Debug_m4\Obj\syswdt_9118657615806274156.dir
[36] = E:\Documents\GitHub\smartcar\smartcar\iar\Debug_m4\Obj\tcpwm_422923530147891246.dir
[37] = E:\Documents\GitHub\smartcar\smartcar\iar\Debug_m4\Obj\trigmux_9729677290734583340.dir
[38] = E:\Documents\GitHub\smartcar\smartcar\iar\Debug_m4\Obj\user_8514941877209965082.dir
[39] = E:\Documents\GitHub\smartcar\smartcar\iar\Debug_m4\Obj\zf_common_1201165462030747823.dir
[40] = E:\Documents\GitHub\smartcar\smartcar\iar\Debug_m4\Obj\zf_components_14936052685886095442.dir
[41] = E:\Documents\GitHub\smartcar\smartcar\iar\Debug_m4\Obj\zf_device_6570275422786408770.dir
[42] = E:\Documents\GitHub\smartcar\smartcar\iar\Debug_m4\Obj\zf_driver_11922370083829174090.dir
[43] = dl7M_tln.a
[44] = m7M_tls.a
[45] = rt7M_tl.a
[46] = shb_l.a
[47] = zf_device_config.a

  26'808 bytes of readonly  code memory
   3'141 bytes of readonly  data memory
  81'878 bytes of readwrite data memory (+ 22'560 absolute)

Errors: none
Warnings: none
